Archive member included to satisfy reference by file (symbol)

c:/program files (x86)/atmel/studio/7.0/toolchain/arm/arm-gnu-toolchain/bin/../lib/gcc/arm-none-eabi/5.3.1/armv7e-m\libgcc.a(_aeabi_uldivmod.o)
                              src/ASF/common/components/display/ssd1306/ssd1306.o (__aeabi_uldivmod)
c:/program files (x86)/atmel/studio/7.0/toolchain/arm/arm-gnu-toolchain/bin/../lib/gcc/arm-none-eabi/5.3.1/armv7e-m\libgcc.a(_udivmoddi4.o)
                              c:/program files (x86)/atmel/studio/7.0/toolchain/arm/arm-gnu-toolchain/bin/../lib/gcc/arm-none-eabi/5.3.1/armv7e-m\libgcc.a(_aeabi_uldivmod.o) (__udivmoddi4)
c:/program files (x86)/atmel/studio/7.0/toolchain/arm/arm-gnu-toolchain/bin/../lib/gcc/arm-none-eabi/5.3.1/armv7e-m\libgcc.a(_dvmd_tls.o)
                              c:/program files (x86)/atmel/studio/7.0/toolchain/arm/arm-gnu-toolchain/bin/../lib/gcc/arm-none-eabi/5.3.1/armv7e-m\libgcc.a(_aeabi_uldivmod.o) (__aeabi_ldiv0)
c:/program files (x86)/atmel/studio/7.0/toolchain/arm/arm-gnu-toolchain/bin/../lib/gcc/arm-none-eabi/5.3.1/../../../../arm-none-eabi/lib/armv7e-m\libc.a(lib_a-exit.o)
                              c:/program files (x86)/atmel/studio/7.0/toolchain/arm/arm-gnu-toolchain/bin/../lib/gcc/arm-none-eabi/5.3.1/../../../../arm-none-eabi/lib/armv7e-m/crt0.o (exit)
c:/program files (x86)/atmel/studio/7.0/toolchain/arm/arm-gnu-toolchain/bin/../lib/gcc/arm-none-eabi/5.3.1/../../../../arm-none-eabi/lib/armv7e-m\libc.a(lib_a-impure.o)
                              c:/program files (x86)/atmel/studio/7.0/toolchain/arm/arm-gnu-toolchain/bin/../lib/gcc/arm-none-eabi/5.3.1/../../../../arm-none-eabi/lib/armv7e-m\libc.a(lib_a-exit.o) (_global_impure_ptr)
c:/program files (x86)/atmel/studio/7.0/toolchain/arm/arm-gnu-toolchain/bin/../lib/gcc/arm-none-eabi/5.3.1/../../../../arm-none-eabi/lib/armv7e-m\libc.a(lib_a-init.o)
                              c:/program files (x86)/atmel/studio/7.0/toolchain/arm/arm-gnu-toolchain/bin/../lib/gcc/arm-none-eabi/5.3.1/../../../../arm-none-eabi/lib/armv7e-m/crt0.o (__libc_init_array)
c:/program files (x86)/atmel/studio/7.0/toolchain/arm/arm-gnu-toolchain/bin/../lib/gcc/arm-none-eabi/5.3.1/../../../../arm-none-eabi/lib/armv7e-m\libc.a(lib_a-iprintf.o)
                              src/ASF/sam/utils/syscalls/gcc/syscalls.o (iprintf)
c:/program files (x86)/atmel/studio/7.0/toolchain/arm/arm-gnu-toolchain/bin/../lib/gcc/arm-none-eabi/5.3.1/../../../../arm-none-eabi/lib/armv7e-m\libc.a(lib_a-memset.o)
                              c:/program files (x86)/atmel/studio/7.0/toolchain/arm/arm-gnu-toolchain/bin/../lib/gcc/arm-none-eabi/5.3.1/../../../../arm-none-eabi/lib/armv7e-m/crt0.o (memset)
c:/program files (x86)/atmel/studio/7.0/toolchain/arm/arm-gnu-toolchain/bin/../lib/gcc/arm-none-eabi/5.3.1/../../../../arm-none-eabi/lib/armv7e-m\libc.a(lib_a-vfiprintf.o)
                              c:/program files (x86)/atmel/studio/7.0/toolchain/arm/arm-gnu-toolchain/bin/../lib/gcc/arm-none-eabi/5.3.1/../../../../arm-none-eabi/lib/armv7e-m\libc.a(lib_a-iprintf.o) (_vfiprintf_r)
c:/program files (x86)/atmel/studio/7.0/toolchain/arm/arm-gnu-toolchain/bin/../lib/gcc/arm-none-eabi/5.3.1/../../../../arm-none-eabi/lib/armv7e-m\libc.a(lib_a-wsetup.o)
                              c:/program files (x86)/atmel/studio/7.0/toolchain/arm/arm-gnu-toolchain/bin/../lib/gcc/arm-none-eabi/5.3.1/../../../../arm-none-eabi/lib/armv7e-m\libc.a(lib_a-vfiprintf.o) (__swsetup_r)
c:/program files (x86)/atmel/studio/7.0/toolchain/arm/arm-gnu-toolchain/bin/../lib/gcc/arm-none-eabi/5.3.1/../../../../arm-none-eabi/lib/armv7e-m\libc.a(lib_a-__call_atexit.o)
                              c:/program files (x86)/atmel/studio/7.0/toolchain/arm/arm-gnu-toolchain/bin/../lib/gcc/arm-none-eabi/5.3.1/../../../../arm-none-eabi/lib/armv7e-m\libc.a(lib_a-exit.o) (__call_exitprocs)
c:/program files (x86)/atmel/studio/7.0/toolchain/arm/arm-gnu-toolchain/bin/../lib/gcc/arm-none-eabi/5.3.1/../../../../arm-none-eabi/lib/armv7e-m\libc.a(lib_a-atexit.o)
                              c:/program files (x86)/atmel/studio/7.0/toolchain/arm/arm-gnu-toolchain/bin/../lib/gcc/arm-none-eabi/5.3.1/../../../../arm-none-eabi/lib/armv7e-m\libc.a(lib_a-__call_atexit.o) (atexit)
c:/program files (x86)/atmel/studio/7.0/toolchain/arm/arm-gnu-toolchain/bin/../lib/gcc/arm-none-eabi/5.3.1/../../../../arm-none-eabi/lib/armv7e-m\libc.a(lib_a-fflush.o)
                              c:/program files (x86)/atmel/studio/7.0/toolchain/arm/arm-gnu-toolchain/bin/../lib/gcc/arm-none-eabi/5.3.1/../../../../arm-none-eabi/lib/armv7e-m\libc.a(lib_a-vfiprintf.o) (_fflush_r)
c:/program files (x86)/atmel/studio/7.0/toolchain/arm/arm-gnu-toolchain/bin/../lib/gcc/arm-none-eabi/5.3.1/../../../../arm-none-eabi/lib/armv7e-m\libc.a(lib_a-findfp.o)
[...]
Memory Configuration

Name             Origin             Length             Attributes
rom              0x00400000         0x00200000         xr
ram              0x20000000         0x00028000         xrw
*default*        0x00000000         0xffffffff

Linker script and memory map

LOAD c:/program files (x86)/atmel/studio/7.0/toolchain/arm/arm-gnu-toolchain/bin/../lib/gcc/arm-none-eabi/5.3.1/armv7e-m/crti.o
LOAD c:/program files (x86)/atmel/studio/7.0/toolchain/arm/arm-gnu-toolchain/bin/../lib/gcc/arm-none-eabi/5.3.1/armv7e-m/crtbegin.o
LOAD c:/program files (x86)/atmel/studio/7.0/toolchain/arm/arm-gnu-toolchain/bin/../lib/gcc/arm-none-eabi/5.3.1/../../../../arm-none-eabi/lib/armv7e-m/crt0.o
LOAD src/ASF/common/components/display/ssd1306/font.o
LOAD src/ASF/common/components/display/ssd1306/ssd1306.o
LOAD src/ASF/common/services/clock/sam4s/sysclk.o
LOAD src/ASF/common/services/delay/sam/cycle_counter.o
LOAD src/ASF/common/services/spi/sam_spi/spi_master.o
LOAD src/ASF/common/utils/interrupt/interrupt_sam_nvic.o
LOAD src/ASF/sam/boards/sam4s_xplained_pro/init.o
LOAD src/ASF/sam/drivers/pio/pio.o
LOAD src/ASF/sam/drivers/pio/pio_handler.o
LOAD src/ASF/sam/drivers/pmc/pmc.o
LOAD src/ASF/sam/drivers/pmc/sleep.o
LOAD src/ASF/sam/drivers/spi/spi.o
LOAD src/ASF/sam/drivers/twi/twi.o
LOAD src/ASF/sam/drivers/wdt/wdt.o
LOAD src/ASF/sam/utils/cmsis/sam4s/source/templates/gcc/startup_sam4s.o
LOAD src/ASF/sam/utils/cmsis/sam4s/source/templates/system_sam4s.o
LOAD src/ASF/sam/utils/syscalls/gcc/syscalls.o
LOAD src/main.o
START GROUP
LOAD ../src/ASF/thirdparty/CMSIS/Lib/GCC\libarm_cortexM4l_math.a
LOAD c:/program files (x86)/atmel/studio/7.0/toolchain/arm/arm-gnu-toolchain/bin/../lib/gcc/arm-none-eabi/5.3.1/../../../../arm-none-eabi/lib/armv7e-m\libm.a
END GROUP
START GROUP
LOAD c:/program files (x86)/atmel/studio/7.0/toolchain/arm/arm-gnu-toolchain/bin/../lib/gcc/arm-none-eabi/5.3.1/armv7e-m\libgcc.a
LOAD c:/program files (x86)/atmel/studio/7.0/toolchain/arm/arm-gnu-toolchain/bin/../lib/gcc/arm-none-eabi/5.3.1/../../../../arm-none-eabi/lib/armv7e-m\libc.a
END GROUP
LOAD c:/program files (x86)/atmel/studio/7.0/toolchain/arm/arm-gnu-toolchain/bin/../lib/gcc/arm-none-eabi/5.3.1/armv7e-m/crtend.o
LOAD c:/program files (x86)/atmel/studio/7.0/toolchain/arm/arm-gnu-toolchain/bin/../lib/gcc/arm-none-eabi/5.3.1/armv7e-m/crtn.o
                0x00003000                __stack_size__ = DEFINED (__stack_size__)?__stack_size__:0x3000
                0x20027ffc                __ram_end__ = ((ORIGIN (ram) + LENGTH (ram)) - 0x4)

.text           0x00400000     0x2e04
                0x00400000                . = ALIGN (0x4)
                0x00400000                _sfixed = .
 *(.vectors .vectors.*)
 .vectors       0x00400000       0xcc src/ASF/sam/utils/cmsis/sam4s/source/templates/gcc/startup_sam4s.o
                0x00400000                exception_table
 *(.text .text.* .gnu.linkonce.t.*)
 .text          0x004000cc       0x5c c:/program files (x86)/atmel/studio/7.0/toolchain/arm/arm-gnu-toolchain/bin/../lib/gcc/arm-none-eabi/5.3.1/armv7e-m/crtbegin.o
 .text.osc_get_rate
                0x00400128       0x74 src/ASF/common/components/display/ssd1306/ssd1306.o
 .text.sysclk_get_main_hz
                0x0040019c       0x1c src/ASF/common/components/display/ssd1306/ssd1306.o
 .text.sysclk_get_cpu_hz
                0x004001b8       0x14 src/ASF/common/components/display/ssd1306/ssd1306.o
 .text.spi_enable
                0x004001cc       0x18 src/ASF/common/components/display/ssd1306/ssd1306.o
 .text.spi_put  0x004001e4       0x1c src/ASF/common/components/display/ssd1306/ssd1306.o
 .text.spi_write_single
                0x00400200       0x24 src/ASF/common/components/display/ssd1306/ssd1306.o
 *fill*         0x00400224        0x4 
 .text.ssd1306_write_command
                0x00400228       0xf4 src/ASF/common/components/display/ssd1306/ssd1306.o
 *fill*         0x0040031c        0x4 
 .text.ssd1306_write_data
                0x00400320       0xf4 src/ASF/common/components/display/ssd1306/ssd1306.o
 *fill*         0x00400414        0x4 
 .text.ssd1306_hard_reset
                0x00400418      0x160 src/ASF/common/components/display/ssd1306/ssd1306.o
 .text.ssd1306_display_on
                0x00400578       0x14 src/ASF/common/components/display/ssd1306/ssd1306.o
 .text.ssd1306_set_contrast
                0x0040058c       0x28 src/ASF/common/components/display/ssd1306/ssd1306.o
 .text.ssd1306_display_invert_disable
                0x004005b4       0x14 src/ASF/common/components/display/ssd1306/ssd1306.o
 .text.ssd1306_interface_init
                0x004005c8       0x48 src/ASF/common/components/display/ssd1306/ssd1306.o
 .text.ssd1306_init
                0x00400610       0xa4 src/ASF/common/components/display/ssd1306/ssd1306.o
                0x00400610                ssd1306_init
 .text.ssd1306_write_text
                0x004006b4       0x68 src/ASF/common/components/display/ssd1306/ssd1306.o
                0x004006b4                ssd1306_write_text
 .text.osc_enable
                0x0040071c       0x88 src/ASF/common/services/clock/sam4s/sysclk.o
 .text.osc_is_ready
                0x004007a4       0x70 src/ASF/common/services/clock/sam4s/sysclk.o
 .text.osc_get_rate
                0x00400814       0x74 src/ASF/common/services/clock/sam4s/sysclk.o
 .text.osc_wait_ready
                0x00400888       0x2c src/ASF/common/services/clock/sam4s/sysclk.o
 .text.pll_config_init
                0x004008b4       0x54 src/ASF/common/services/clock/sam4s/sysclk.o
 .text.pll_enable
                0x00400908       0x44 src/ASF/common/services/clock/sam4s/sysclk.o
 .text.pll_is_locked
                0x0040094c       0x2c src/ASF/common/services/clock/sam4s/sysclk.o
 .text.pll_enable_source
                0x00400978       0x38 src/ASF/common/services/clock/sam4s/sysclk.o
 .text.pll_wait_for_lock
                0x004009b0       0x24 src/ASF/common/services/clock/sam4s/sysclk.o
 .text.sysclk_get_main_hz
                0x004009d4       0x1c src/ASF/common/services/clock/sam4s/sysclk.o
 .text.sysclk_get_cpu_hz
                0x004009f0       0x14 src/ASF/common/services/clock/sam4s/sysclk.o
 .text.sysclk_init
                0x00400a04       0x70 src/ASF/common/services/clock/sam4s/sysclk.o
                0x00400a04                sysclk_init
 .text.osc_get_rate
                0x00400a74       0x74 src/ASF/common/services/spi/sam_spi/spi_master.o
 .text.sysclk_get_main_hz
                0x00400ae8       0x1c src/ASF/common/services/spi/sam_spi/spi_master.o
 .text.sysclk_get_cpu_hz
                0x00400b04       0x14 src/ASF/common/services/spi/sam_spi/spi_master.o
 .text.spi_reset
                0x00400b18       0x18 src/ASF/common/services/spi/sam_spi/spi_master.o
 .text.spi_set_lastxfer
                0x00400b30       0x1c src/ASF/common/services/spi/sam_spi/spi_master.o
 .text.spi_set_master_mode
                0x00400b4c       0x20 src/ASF/common/services/spi/sam_spi/spi_master.o
 .text.spi_set_fixed_peripheral_select
                0x00400b6c       0x20 src/ASF/common/services/spi/sam_spi/spi_master.o
 .text.spi_disable_peripheral_select_decode
                0x00400b8c       0x20 src/ASF/common/services/spi/sam_spi/spi_master.o
 .text.spi_get_peripheral_select_decode_setting
                0x00400bac       0x24 src/ASF/common/services/spi/sam_spi/spi_master.o
 .text.spi_disable_mode_fault_detect
                0x00400bd0       0x20 src/ASF/common/services/spi/sam_spi/spi_master.o
 .text.spi_disable_loopback
                0x00400bf0       0x20 src/ASF/common/services/spi/sam_spi/spi_master.o
 .text.spi_is_tx_empty
                0x00400c10       0x24 src/ASF/common/services/spi/sam_spi/spi_master.o
 .text.spi_master_init
                0x00400c34       0x70 src/ASF/common/services/spi/sam_spi/spi_master.o
                0x00400c34                spi_master_init
 .text.spi_master_setup_device
                0x00400ca4       0xb4 src/ASF/common/services/spi/sam_spi/spi_master.o
                0x00400ca4                spi_master_setup_device
 .text.spi_select_device
                0x00400d58       0x58 src/ASF/common/services/spi/sam_spi/spi_master.o
                0x00400d58                spi_select_device
 .text.spi_deselect_device
                0x00400db0       0x3c src/ASF/common/services/spi/sam_spi/spi_master.o
                0x00400db0                spi_deselect_device
 .text.sysclk_enable_peripheral_clock
                0x00400dec       0x1c src/ASF/sam/boards/sam4s_xplained_pro/init.o
 .text.ioport_init
                0x00400e08       0x20 src/ASF/sam/boards/sam4s_xplained_pro/init.o
 .text.ioport_set_pin_mode
                0x00400e28      0x11c src/ASF/sam/boards/sam4s_xplained_pro/init.o
 .text.ioport_set_pin_dir
                0x00400f44       0x88 src/ASF/sam/boards/sam4s_xplained_pro/init.o
 .text.ioport_set_pin_level
                0x00400fcc       0x6c src/ASF/sam/boards/sam4s_xplained_pro/init.o
 .text.board_init
                0x00401038       0x9c src/ASF/sam/boards/sam4s_xplained_pro/init.o
                0x00401038                board_init
 .text.pio_pull_up
                0x004010d4       0x2c src/ASF/sam/drivers/pio/pio.o
                0x004010d4                pio_pull_up
 .text.pio_set_peripheral
                0x00401100      0x110 src/ASF/sam/drivers/pio/pio.o
                0x00401100                pio_set_peripheral
 .text.pio_set_input
                0x00401210       0x80 src/ASF/sam/drivers/pio/pio.o
                0x00401210                pio_set_input
 .text.pio_set_output
                0x00401290       0x64 src/ASF/sam/drivers/pio/pio.o
                0x00401290                pio_set_output
 .text.pio_disable_interrupt
                0x004012f4       0x1c src/ASF/sam/drivers/pio/pio.o
                0x004012f4                pio_disable_interrupt
 .text.pio_get_interrupt_status
                0x00401310       0x18 src/ASF/sam/drivers/pio/pio.o
                0x00401310                pio_get_interrupt_status
 .text.pio_get_interrupt_mask
                0x00401328       0x18 src/ASF/sam/drivers/pio/pio.o
                0x00401328                pio_get_interrupt_mask
 .text.pio_configure_pin
                0x00401340      0x1b0 src/ASF/sam/drivers/pio/pio.o
                0x00401340                pio_configure_pin
 .text.pio_get_pin_group
                0x004014f0       0x24 src/ASF/sam/drivers/pio/pio.o
                0x004014f0                pio_get_pin_group
 .text.pio_handler_process
                0x00401514       0xd4 src/ASF/sam/drivers/pio/pio_handler.o
                0x00401514                pio_handler_process
 .text.PIOA_Handler
                0x004015e8       0x18 src/ASF/sam/drivers/pio/pio_handler.o
                0x004015e8                PIOA_Handler
 .text.PIOB_Handler
                0x00401600       0x18 src/ASF/sam/drivers/pio/pio_handler.o
                0x00401600                PIOB_Handler
 .text.PIOC_Handler
                0x00401618       0x18 src/ASF/sam/drivers/pio/pio_handler.o
                0x00401618                PIOC_Handler
 .text.pmc_switch_mck_to_pllack
                0x00401630       0x80 src/ASF/sam/drivers/pmc/pmc.o
                0x00401630                pmc_switch_mck_to_pllack
 .text.pmc_switch_sclk_to_32kxtal
                0x004016b0       0x38 src/ASF/sam/drivers/pmc/pmc.o
                0x004016b0                pmc_switch_sclk_to_32kxtal
 .text.pmc_osc_is_ready_32kxtal
                0x004016e8       0x34 src/ASF/sam/drivers/pmc/pmc.o
                0x004016e8                pmc_osc_is_ready_32kxtal
 .text.pmc_switch_mainck_to_fastrc
                0x0040171c       0x70 src/ASF/sam/drivers/pmc/pmc.o
                0x0040171c                pmc_switch_mainck_to_fastrc
 .text.pmc_switch_mainck_to_xtal
                0x0040178c       0x78 src/ASF/sam/drivers/pmc/pmc.o
                0x0040178c                pmc_switch_mainck_to_xtal
 .text.pmc_osc_is_ready_mainck
                0x00401804       0x18 src/ASF/sam/drivers/pmc/pmc.o
                0x00401804                pmc_osc_is_ready_mainck
 .text.pmc_disable_pllack
                0x0040181c       0x18 src/ASF/sam/drivers/pmc/pmc.o
                0x0040181c                pmc_disable_pllack
 .text.pmc_is_locked_pllack
                0x00401834       0x18 src/ASF/sam/drivers/pmc/pmc.o
                0x00401834                pmc_is_locked_pllack
 .text.pmc_disable_pllbck
                0x0040184c       0x18 src/ASF/sam/drivers/pmc/pmc.o
                0x0040184c                pmc_disable_pllbck
 .text.pmc_is_locked_pllbck
                0x00401864       0x18 src/ASF/sam/drivers/pmc/pmc.o
                0x00401864                pmc_is_locked_pllbck
 .text.pmc_enable_periph_clk
                0x0040187c       0x80 src/ASF/sam/drivers/pmc/pmc.o
                0x0040187c                pmc_enable_periph_clk
 .text.sysclk_enable_peripheral_clock
                0x004018fc       0x1c src/ASF/sam/drivers/spi/spi.o
 .text.spi_enable_clock
                0x00401918       0x1c src/ASF/sam/drivers/spi/spi.o
                0x00401918                spi_enable_clock
 .text.spi_set_peripheral_chip_select_value
                0x00401934       0x34 src/ASF/sam/drivers/spi/spi.o
                0x00401934                spi_set_peripheral_chip_select_value
 .text.spi_set_delay_between_chip_select
                0x00401968       0x30 src/ASF/sam/drivers/spi/spi.o
                0x00401968                spi_set_delay_between_chip_select
 .text.spi_set_clock_polarity
                0x00401998       0x50 src/ASF/sam/drivers/spi/spi.o
                0x00401998                spi_set_clock_polarity
 .text.spi_set_clock_phase
                0x004019e8       0x50 src/ASF/sam/drivers/spi/spi.o
                0x004019e8                spi_set_clock_phase
 .text.spi_configure_cs_behavior
                0x00401a38       0xa4 src/ASF/sam/drivers/spi/spi.o
                0x00401a38                spi_configure_cs_behavior
 .text.spi_set_bits_per_transfer
                0x00401adc       0x48 src/ASF/sam/drivers/spi/spi.o
                0x00401adc                spi_set_bits_per_transfer
 .text.spi_calc_baudrate_div
                0x00401b24       0x3c src/ASF/sam/drivers/spi/spi.o
                0x00401b24                spi_calc_baudrate_div
 .text.spi_set_baudrate_div
                0x00401b60       0x5c src/ASF/sam/drivers/spi/spi.o
                0x00401b60                spi_set_baudrate_div
 .text.spi_set_transfer_delay
                0x00401bbc       0x5c src/ASF/sam/drivers/spi/spi.o
                0x00401bbc                spi_set_transfer_delay
 .text.twi_enable_master_mode
                0x00401c18       0x24 src/ASF/sam/drivers/twi/twi.o
                0x00401c18                twi_enable_master_mode
 .text.twi_master_init
                0x00401c3c       0x64 src/ASF/sam/drivers/twi/twi.o
                0x00401c3c                twi_master_init
 .text.twi_set_speed
                0x00401ca0       0x70 src/ASF/sam/drivers/twi/twi.o
                0x00401ca0                twi_set_speed
 .text.twi_mk_addr
                0x00401d10       0x5c src/ASF/sam/drivers/twi/twi.o
                0x00401d10                twi_mk_addr
 .text.twi_master_read
                0x00401d6c      0x10c src/ASF/sam/drivers/twi/twi.o
                0x00401d6c                twi_master_read
 .text.twi_master_write
                0x00401e78       0xdc src/ASF/sam/drivers/twi/twi.o
                0x00401e78                twi_master_write
 .text.twi_reset
                0x00401f54       0x1c src/ASF/sam/drivers/twi/twi.o
                0x00401f54                twi_reset
 .text.wdt_disable
                0x00401f70       0x1c src/ASF/sam/drivers/wdt/wdt.o
                0x00401f70                wdt_disable
 .text.Reset_Handler
                0x00401f8c       0xc8 src/ASF/sam/utils/cmsis/sam4s/source/templates/gcc/startup_sam4s.o
                0x00401f8c                Reset_Handler
 .text.Dummy_Handler
                0x00402054        0x8 src/ASF/sam/utils/cmsis/sam4s/source/templates/gcc/startup_sam4s.o
                0x00402054                DACC_Handler
                0x00402054                DebugMon_Handler
                0x00402054                HardFault_Handler
                0x00402054                TC2_Handler
                0x00402054                SPI_Handler
                0x00402054                SysTick_Handler
                0x00402054                TWI1_Handler
                0x00402054                PendSV_Handler
                0x00402054                NMI_Handler
                0x00402054                ADC_Handler
                0x00402054                CRCCU_Handler
                0x00402054                USART0_Handler
                0x00402054                RTT_Handler
                0x00402054                EFC1_Handler
                0x00402054                RTC_Handler
                0x00402054                UsageFault_Handler
                0x00402054                WDT_Handler
                0x00402054                TC4_Handler
                0x00402054                TC1_Handler
                0x00402054                HSMCI_Handler
                0x00402054                UART1_Handler
                0x00402054                TC3_Handler
                0x00402054                Dummy_Handler
                0x00402054                TWI0_Handler
                0x00402054                USART1_Handler
                0x00402054                SSC_Handler
                0x00402054                EFC0_Handler
                0x00402054                ACC_Handler
                0x00402054                PMC_Handler
                0x00402054                PWM_Handler
                0x00402054                MemManage_Handler
                0x00402054                SUPC_Handler
                0x00402054                SVC_Handler
                0x00402054                UART0_Handler
                0x00402054                UDP_Handler
                0x00402054                BusFault_Handler
                0x00402054                RSTC_Handler
                0x00402054                TC0_Handler
                0x00402054                TC5_Handler
 .text.SystemCoreClockUpdate
                0x0040205c      0x19c src/ASF/sam/utils/cmsis/sam4s/source/templates/system_sam4s.o
                0x0040205c                SystemCoreClockUpdate
 .text.system_init_flash
                0x004021f8       0xc0 src/ASF/sam/utils/cmsis/sam4s/source/templates/system_sam4s.o
                0x004021f8                system_init_flash
 .text.osc_get_rate
                0x004022b8       0x74 src/main.o
 .text.sysclk_get_main_hz
                0x0040232c       0x1c src/main.o
 .text.sysclk_get_cpu_hz
                0x00402348       0x14 src/main.o
 .text.sysclk_enable_peripheral_clock
                0x0040235c       0x1c src/main.o
 .text.ioport_set_pin_dir
                0x00402378       0x88 src/main.o
 .text.spi_put  0x00402400       0x1c src/main.o
 .text.spi_write_single
                0x0040241c       0x24 src/main.o
 .text.ssd1306_write_command
                0x00402440       0xf4 src/main.o
 *fill*         0x00402534        0x4 
 .text.ssd1306_write_data
                0x00402538       0xf4 src/main.o
 .text.ssd1306_set_page_address
                0x0040262c       0x38 src/main.o
 .text.ssd1306_set_column_address
                0x00402664       0x40 src/main.o
 .text.ssd1306_clear
                0x004026a4       0x5c src/main.o
 .text.twi_master_setup
                0x00402700       0x60 src/main.o
 .text.twi_init
                0x00402760       0x38 src/main.o
 .text.nunchuck_x_axis
                0x00402798       0x14 src/main.o
 .text.nunchuck_read
                0x004027ac       0xb4 src/main.o
 .text.nunchuck_init
                0x00402860       0x94 src/main.o
 .text.main     0x004028f4       0x84 src/main.o
                0x004028f4                main
 .text          0x00402978       0x30 c:/program files (x86)/atmel/studio/7.0/toolchain/arm/arm-gnu-toolchain/bin/../lib/gcc/arm-none-eabi/5.3.1/armv7e-m\libgcc.a(_aeabi_uldivmod.o)
                0x00402978                __aeabi_uldivmod
 .text          0x004029a8      0x2e4 c:/program files (x86)/atmel/studio/7.0/toolchain/arm/arm-gnu-toolchain/bin/../lib/gcc/arm-none-eabi/5.3.1/armv7e-m\libgcc.a(_udivmoddi4.o)
                0x004029a8                __udivmoddi4
 .text          0x00402c8c        0x4 c:/program files (x86)/atmel/studio/7.0/toolchain/arm/arm-gnu-toolchain/bin/../lib/gcc/arm-none-eabi/5.3.1/armv7e-m\libgcc.a(_dvmd_tls.o)
                0x00402c8c                __aeabi_idiv0
                0x00402c8c                __aeabi_ldiv0
 .text.__libc_init_array
                0x00402c90       0x50 c:/program files (x86)/atmel/studio/7.0/toolchain/arm/arm-gnu-toolchain/bin/../lib/gcc/arm-none-eabi/5.3.1/../../../../arm-none-eabi/lib/armv7e-m\libc.a(lib_a-init.o)
                0x00402c90                __libc_init_array
 .text.startup.register_fini
                0x00402ce0       0x14 c:/program files (x86)/atmel/studio/7.0/toolchain/arm/arm-gnu-toolchain/bin/../lib/gcc/arm-none-eabi/5.3.1/../../../../arm-none-eabi/lib/armv7e-m\libc.a(lib_a-__call_atexit.o)
 .text.atexit   0x00402cf4        0xc c:/program files (x86)/atmel/studio/7.0/toolchain/arm/arm-gnu-toolchain/bin/../lib/gcc/arm-none-eabi/5.3.1/../../../../arm-none-eabi/lib/armv7e-m\libc.a(lib_a-atexit.o)
                0x00402cf4                atexit
 .text.__libc_fini_array
                0x00402d00       0x28 c:/program files (x86)/atmel/studio/7.0/toolchain/arm/arm-gnu-toolchain/bin/../lib/gcc/arm-none-eabi/5.3.1/../../../../arm-none-eabi/lib/armv7e-m\libc.a(lib_a-fini.o)
                0x00402d00                __libc_fini_array
 .text.__register_exitproc
                0x00402d28       0xa4 c:/program files (x86)/atmel/studio/7.0/toolchain/arm/arm-gnu-toolchain/bin/../lib/gcc/arm-none-eabi/5.3.1/../../../../arm-none-eabi/lib/armv7e-m\libc.a(lib_a-__atexit.o)
                0x00402d28                __register_exitproc
 *(.glue_7t)
 .glue_7t       0x00402dcc        0x0 linker stubs
 *(.glue_7)
 .glue_7        0x00402dcc        0x0 linker stubs
 *(.rodata .rodata* .gnu.linkonce.r.*)
 .rodata        0x00402dcc        0x9 src/main.o
 *fill*         0x00402dd5        0x3 
 .rodata.str1.4
                0x00402dd8        0x4 c:/program files (x86)/atmel/studio/7.0/toolchain/arm/arm-gnu-toolchain/bin/../lib/gcc/arm-none-eabi/5.3.1/../../../../arm-none-eabi/lib/armv7e-m\libc.a(lib_a-impure.o)
                                  0x2 (size before relaxing)
 .rodata._global_impure_ptr
                0x00402ddc        0x4 c:/program files (x86)/atmel/studio/7.0/toolchain/arm/arm-gnu-toolchain/bin/../lib/gcc/arm-none-eabi/5.3.1/../../../../arm-none-eabi/lib/armv7e-m\libc.a(lib_a-impure.o)
                0x00402ddc                _global_impure_ptr
 *(.ARM.extab* .gnu.linkonce.armextab.*)
                0x00402de0                . = ALIGN (0x4)
 *(.init)
 .init          0x00402de0        0x4 c:/program files (x86)/atmel/studio/7.0/toolchain/arm/arm-gnu-toolchain/bin/../lib/gcc/arm-none-eabi/5.3.1/armv7e-m/crti.o
                0x00402de0                _init
 .init          0x00402de4        0x8 c:/program files (x86)/atmel/studio/7.0/toolchain/arm/arm-gnu-toolchain/bin/../lib/gcc/arm-none-eabi/5.3.1/armv7e-m/crtn.o
                0x00402dec                . = ALIGN (0x4)
                0x00402dec                __preinit_array_start = .
 *(.preinit_array)
                0x00402dec                __preinit_array_end = .
                0x00402dec                . = ALIGN (0x4)
                0x00402dec                __init_array_start = .
 *(SORT(.init_array.*))
 .init_array.00000
                0x00402dec        0x4 c:/program files (x86)/atmel/studio/7.0/toolchain/arm/arm-gnu-toolchain/bin/../lib/gcc/arm-none-eabi/5.3.1/../../../../arm-none-eabi/lib/armv7e-m\libc.a(lib_a-__call_atexit.o)
 *(.init_array)
 .init_array    0x00402df0        0x4 c:/program files (x86)/atmel/studio/7.0/toolchain/arm/arm-gnu-toolchain/bin/../lib/gcc/arm-none-eabi/5.3.1/armv7e-m/crtbegin.o
                0x00402df4                __init_array_end = .
                0x00402df4                . = ALIGN (0x4)
 *crtbegin.o(.ctors)
 *(EXCLUDE_FILE(*crtend.o) .ctors)
 *(SORT(.ctors.*))
 *crtend.o(.ctors)
                0x00402df4                . = ALIGN (0x4)
 *(.fini)
 .fini          0x00402df4        0x4 c:/program files (x86)/atmel/studio/7.0/toolchain/arm/arm-gnu-toolchain/bin/../lib/gcc/arm-none-eabi/5.3.1/armv7e-m/crti.o
                0x00402df4                _fini
 .fini          0x00402df8        0x8 c:/program files (x86)/atmel/studio/7.0/toolchain/arm/arm-gnu-toolchain/bin/../lib/gcc/arm-none-eabi/5.3.1/armv7e-m/crtn.o
                0x00402e00                . = ALIGN (0x4)
                0x00402e00                __fini_array_start = .
 *(.fini_array)
 .fini_array    0x00402e00        0x4 c:/program files (x86)/atmel/studio/7.0/toolchain/arm/arm-gnu-toolchain/bin/../lib/gcc/arm-none-eabi/5.3.1/armv7e-m/crtbegin.o
 *(SORT(.fini_array.*))
                0x00402e04                __fini_array_end = .
 *crtbegin.o(.dtors)
 *(EXCLUDE_FILE(*crtend.o) .dtors)
 *(SORT(.dtors.*))
 *crtend.o(.dtors)
                0x00402e04                . = ALIGN (0x4)
                0x00402e04                _efixed = .
                [!provide]                PROVIDE (__exidx_start, .)

.vfp11_veneer   0x00402e04        0x0
 .vfp11_veneer  0x00402e04        0x0 linker stubs

.v4_bx          0x00402e04        0x0
 .v4_bx         0x00402e04        0x0 linker stubs

.iplt           0x00402e04        0x0
 .iplt          0x00402e04        0x0 c:/program files (x86)/atmel/studio/7.0/toolchain/arm/arm-gnu-toolchain/bin/../lib/gcc/arm-none-eabi/5.3.1/armv7e-m/crtbegin.o

.ARM.exidx      0x00402e04        0x8
 *(.ARM.exidx* .gnu.linkonce.armexidx.*)
 .ARM.exidx     0x00402e04        0x8 c:/program files (x86)/atmel/studio/7.0/toolchain/arm/arm-gnu-toolchain/bin/../lib/gcc/arm-none-eabi/5.3.1/armv7e-m\libgcc.a(_udivmoddi4.o)
                [!provide]                PROVIDE (__exidx_end, .)

.eh_frame       0x00402e0c        0x0
 .eh_frame      0x00402e0c        0x0 c:/program files (x86)/atmel/studio/7.0/toolchain/arm/arm-gnu-toolchain/bin/../lib/gcc/arm-none-eabi/5.3.1/armv7e-m/crtbegin.o

.rel.dyn        0x00402e0c        0x0
 .rel.iplt      0x00402e0c        0x0 c:/program files (x86)/atmel/studio/7.0/toolchain/arm/arm-gnu-toolchain/bin/../lib/gcc/arm-none-eabi/5.3.1/armv7e-m/crtbegin.o

.jcr            0x00402e0c        0x0
 .jcr           0x00402e0c        0x0 c:/program files (x86)/atmel/studio/7.0/toolchain/arm/arm-gnu-toolchain/bin/../lib/gcc/arm-none-eabi/5.3.1/armv7e-m/crtbegin.o

.igot.plt       0x00402e0c        0x0
 .igot.plt      0x00402e0c        0x0 c:/program files (x86)/atmel/studio/7.0/toolchain/arm/arm-gnu-toolchain/bin/../lib/gcc/arm-none-eabi/5.3.1/armv7e-m/crtbegin.o
                0x00402e0c                . = ALIGN (0x4)
                0x00402e0c                _etext = .

.relocate       0x20000000      0x848 load address 0x00402e0c
                0x20000000                . = ALIGN (0x4)
                0x20000000                _srelocate = .
 *(.ramfunc .ramfunc.*)
 .ramfunc       0x20000000       0x1c src/ASF/common/services/delay/sam/cycle_counter.o
                0x20000000                portable_delay_cycles
 *(.data .data.*)
 .data.font_table
                0x2000001c      0x17c src/ASF/common/components/display/ssd1306/font.o
                0x2000001c                font_table
 .data.Font08px_32
                0x20000198        0x3 src/ASF/common/components/display/ssd1306/font.o
                0x20000198                Font08px_32
 *fill*         0x2000019b        0x1 
 .data.Font08px_33
                0x2000019c        0x2 src/ASF/common/components/display/ssd1306/font.o
                0x2000019c                Font08px_33
 *fill*         0x2000019e        0x2 
 .data.Font08px_34
                0x200001a0        0x4 src/ASF/common/components/display/ssd1306/font.o
                0x200001a0                Font08px_34
 .data.Font08px_35
                0x200001a4        0x6 src/ASF/common/components/display/ssd1306/font.o
                0x200001a4                Font08px_35
 *fill*         0x200001aa        0x2 
 .data.Font08px_36
                0x200001ac        0x6 src/ASF/common/components/display/ssd1306/font.o
                0x200001ac                Font08px_36
 *fill*         0x200001b2        0x2 
 .data.Font08px_37
                0x200001b4        0x6 src/ASF/common/components/display/ssd1306/font.o
                0x200001b4                Font08px_37
 *fill*         0x200001ba        0x2 
 .data.Font08px_38
                0x200001bc        0x6 src/ASF/common/components/display/ssd1306/font.o
                0x200001bc                Font08px_38
 *fill*         0x200001c2        0x2 
 .data.Font08px_39
                0x200001c4        0x2 src/ASF/common/components/display/ssd1306/font.o
                0x200001c4                Font08px_39
 *fill*         0x200001c6        0x2 
 .data.Font08px_40
                0x200001c8        0x4 src/ASF/common/components/display/ssd1306/font.o
                0x200001c8                Font08px_40
 .data.Font08px_41
                0x200001cc        0x4 src/ASF/common/components/display/ssd1306/font.o
                0x200001cc                Font08px_41
 .data.Font08px_42
                0x200001d0        0x4 src/ASF/common/components/display/ssd1306/font.o
                0x200001d0                Font08px_42
 .data.Font08px_43
                0x200001d4        0x4 src/ASF/common/components/display/ssd1306/font.o
                0x200001d4                Font08px_43
 .data.Font08px_44
                0x200001d8        0x2 src/ASF/common/components/display/ssd1306/font.o
                0x200001d8                Font08px_44
 *fill*         0x200001da        0x2 
 .data.Font08px_45
                0x200001dc        0x4 src/ASF/common/components/display/ssd1306/font.o
                0x200001dc                Font08px_45
 .data.Font08px_46
                0x200001e0        0x2 src/ASF/common/components/display/ssd1306/font.o
                0x200001e0                Font08px_46
 *fill*         0x200001e2        0x2 
 .data.Font08px_47
                0x200001e4        0x4 src/ASF/common/components/display/ssd1306/font.o
                0x200001e4                Font08px_47
 .data.Font08px_N0
                0x200001e8        0x6 src/ASF/common/components/display/ssd1306/font.o
                0x200001e8                Font08px_N0
 *fill*         0x200001ee        0x2 
 .data.Font08px_N1
                0x200001f0        0x6 src/ASF/common/components/display/ssd1306/font.o
                0x200001f0                Font08px_N1
 *fill*         0x200001f6        0x2 
 .data.Font08px_N2
                0x200001f8        0x6 src/ASF/common/components/display/ssd1306/font.o
                0x200001f8                Font08px_N2
 *fill*         0x200001fe        0x2 
 .data.Font08px_N3
                0x20000200        0x6 src/ASF/common/components/display/ssd1306/font.o
                0x20000200                Font08px_N3
 *fill*         0x20000206        0x2 
 .data.Font08px_N4
                0x20000208        0x6 src/ASF/common/components/display/ssd1306/font.o
                0x20000208                Font08px_N4
 *fill*         0x2000020e        0x2 
 .data.Font08px_N5
                0x20000210        0x6 src/ASF/common/components/display/ssd1306/font.o
                0x20000210                Font08px_N5
 *fill*         0x20000216        0x2 
 .data.Font08px_N6
                0x20000218        0x6 src/ASF/common/components/display/ssd1306/font.o
                0x20000218                Font08px_N6
 *fill*         0x2000021e        0x2 
 .data.Font08px_N7
                0x20000220        0x6 src/ASF/common/components/display/ssd1306/font.o
                0x20000220                Font08px_N7
 *fill*         0x20000226        0x2 
 .data.Font08px_N8
                0x20000228        0x6 src/ASF/common/components/display/ssd1306/font.o
                0x20000228                Font08px_N8
 *fill*         0x2000022e        0x2 
 .data.Font08px_N9
                0x20000230        0x6 src/ASF/common/components/display/ssd1306/font.o
                0x20000230                Font08px_N9
 *fill*         0x20000236        0x2 
 .data.Font08px_58
                0x20000238        0x2 src/ASF/common/components/display/ssd1306/font.o
                0x20000238                Font08px_58
 *fill*         0x2000023a        0x2 
 .data.Font08px_59
                0x2000023c        0x2 src/ASF/common/components/display/ssd1306/font.o
                0x2000023c                Font08px_59
 *fill*         0x2000023e        0x2 
 .data.Font08px_60
                0x20000240        0x5 src/ASF/common/components/display/ssd1306/font.o
                0x20000240                Font08px_60
 *fill*         0x20000245        0x3 
 .data.Font08px_61
                0x20000248        0x5 src/ASF/common/components/display/ssd1306/font.o
                0x20000248                Font08px_61
 *fill*         0x2000024d        0x3 
 .data.Font08px_62
                0x20000250        0x5 src/ASF/common/components/display/ssd1306/font.o
                0x20000250                Font08px_62
 *fill*         0x20000255        0x3 
 .data.Font08px_63
                0x20000258        0x6 src/ASF/common/components/display/ssd1306/font.o
                0x20000258                Font08px_63
 *fill*         0x2000025e        0x2 
 .data.Font08px_64
                0x20000260        0x9 src/ASF/common/components/display/ssd1306/font.o
                0x20000260                Font08px_64
 *fill*         0x20000269        0x3 
 .data.Font08px_UA
                0x2000026c        0x6 src/ASF/common/components/display/ssd1306/font.o
                0x2000026c                Font08px_UA
 *fill*         0x20000272        0x2 
 .data.Font08px_UB
                0x20000274        0x5 src/ASF/common/components/display/ssd1306/font.o
                0x20000274                Font08px_UB
 *fill*         0x20000279        0x3 
 .data.Font08px_UC
                0x2000027c        0x5 src/ASF/common/components/display/ssd1306/font.o
                0x2000027c                Font08px_UC
 *fill*         0x20000281        0x3 
 .data.Font08px_UD
                0x20000284        0x5 src/ASF/common/components/display/ssd1306/font.o
                0x20000284                Font08px_UD
 *fill*         0x20000289        0x3 
 .data.Font08px_UE
                0x2000028c        0x5 src/ASF/common/components/display/ssd1306/font.o
                0x2000028c                Font08px_UE
 *fill*         0x20000291        0x3 
 .data.Font08px_UF
                0x20000294        0x5 src/ASF/common/components/display/ssd1306/font.o
                0x20000294                Font08px_UF
 *fill*         0x20000299        0x3 
 .data.Font08px_UG
                0x2000029c        0x6 src/ASF/common/components/display/ssd1306/font.o
                0x2000029c                Font08px_UG
 *fill*         0x200002a2        0x2 
 .data.Font08px_UH
                0x200002a4        0x5 src/ASF/common/components/display/ssd1306/font.o
                0x200002a4                Font08px_UH
 *fill*         0x200002a9        0x3 
 .data.Font08px_UI
                0x200002ac        0x4 src/ASF/common/components/display/ssd1306/font.o
                0x200002ac                Font08px_UI
 .data.Font08px_UJ
                0x200002b0        0x5 src/ASF/common/components/display/ssd1306/font.o
                0x200002b0                Font08px_UJ
 *fill*         0x200002b5        0x3 
 .data.Font08px_UK
                0x200002b8        0x6 src/ASF/common/components/display/ssd1306/font.o
                0x200002b8                Font08px_UK
 *fill*         0x200002be        0x2 
 .data.Font08px_UL
                0x200002c0        0x5 src/ASF/common/components/display/ssd1306/font.o
                0x200002c0                Font08px_UL
 *fill*         0x200002c5        0x3 
 .data.Font08px_UM
                0x200002c8        0x6 src/ASF/common/components/display/ssd1306/font.o
                0x200002c8                Font08px_UM
 *fill*         0x200002ce        0x2 
 .data.Font08px_UN
                0x200002d0        0x6 src/ASF/common/components/display/ssd1306/font.o
                0x200002d0                Font08px_UN
 *fill*         0x200002d6        0x2 
 .data.Font08px_UO
                0x200002d8        0x5 src/ASF/common/components/display/ssd1306/font.o
                0x200002d8                Font08px_UO
 *fill*         0x200002dd        0x3 
 .data.Font08px_UP
                0x200002e0        0x5 src/ASF/common/components/display/ssd1306/font.o
                0x200002e0                Font08px_UP
 *fill*         0x200002e5        0x3 
 .data.Font08px_UQ
                0x200002e8        0x6 src/ASF/common/components/display/ssd1306/font.o
                0x200002e8                Font08px_UQ
 *fill*         0x200002ee        0x2 
 .data.Font08px_UR
                0x200002f0        0x5 src/ASF/common/components/display/ssd1306/font.o
                0x200002f0                Font08px_UR
 *fill*         0x200002f5        0x3 
 .data.Font08px_US
                0x200002f8        0x5 src/ASF/common/components/display/ssd1306/font.o
                0x200002f8                Font08px_US
 *fill*         0x200002fd        0x3 
 .data.Font08px_UT
                0x20000300        0x6 src/ASF/common/components/display/ssd1306/font.o
                0x20000300                Font08px_UT
 *fill*         0x20000306        0x2 
 .data.Font08px_UU
                0x20000308        0x5 src/ASF/common/components/display/ssd1306/font.o
                0x20000308                Font08px_UU
 *fill*         0x2000030d        0x3 
 .data.Font08px_UV
                0x20000310        0x6 src/ASF/common/components/display/ssd1306/font.o
                0x20000310                Font08px_UV
 *fill*         0x20000316        0x2 
 .data.Font08px_UW
                0x20000318        0x6 src/ASF/common/components/display/ssd1306/font.o
                0x20000318                Font08px_UW
 *fill*         0x2000031e        0x2 
 .data.Font08px_UX
                0x20000320        0x6 src/ASF/common/components/display/ssd1306/font.o
                0x20000320                Font08px_UX
 *fill*         0x20000326        0x2 
 .data.Font08px_UY
                0x20000328        0x6 src/ASF/common/components/display/ssd1306/font.o
                0x20000328                Font08px_UY
 *fill*         0x2000032e        0x2 
 .data.Font08px_UZ
                0x20000330        0x6 src/ASF/common/components/display/ssd1306/font.o
                0x20000330                Font08px_UZ
 *fill*         0x20000336        0x2 
 .data.Font08px_91
                0x20000338        0x4 src/ASF/common/components/display/ssd1306/font.o
                0x20000338                Font08px_91
 .data.Font08px_92
                0x2000033c        0x4 src/ASF/common/components/display/ssd1306/font.o
                0x2000033c                Font08px_92
 .data.Font08px_93
                0x20000340        0x4 src/ASF/common/components/display/ssd1306/font.o
                0x20000340                Font08px_93
 .data.Font08px_94
                0x20000344        0x4 src/ASF/common/components/display/ssd1306/font.o
                0x20000344                Font08px_94
 .data.Font08px_95
                0x20000348        0x4 src/ASF/common/components/display/ssd1306/font.o
                0x20000348                Font08px_95
 .data.Font08px_96
                0x2000034c        0x3 src/ASF/common/components/display/ssd1306/font.o
                0x2000034c                Font08px_96
 *fill*         0x2000034f        0x1 
 .data.Font08px_la
                0x20000350        0x5 src/ASF/common/components/display/ssd1306/font.o
                0x20000350                Font08px_la
 *fill*         0x20000355        0x3 
 .data.Font08px_lb
                0x20000358        0x5 src/ASF/common/components/display/ssd1306/font.o
                0x20000358                Font08px_lb
 *fill*         0x2000035d        0x3 
 .data.Font08px_lc
                0x20000360        0x5 src/ASF/common/components/display/ssd1306/font.o
                0x20000360                Font08px_lc
 *fill*         0x20000365        0x3 
 .data.Font08px_ld
                0x20000368        0x5 src/ASF/common/components/display/ssd1306/font.o
                0x20000368                Font08px_ld
 *fill*         0x2000036d        0x3 
 .data.Font08px_le
                0x20000370        0x5 src/ASF/common/components/display/ssd1306/font.o
                0x20000370                Font08px_le
 *fill*         0x20000375        0x3 
 .data.Font08px_lf
                0x20000378        0x4 src/ASF/common/components/display/ssd1306/font.o
                0x20000378                Font08px_lf
 .data.Font08px_lg
                0x2000037c        0x5 src/ASF/common/components/display/ssd1306/font.o
                0x2000037c                Font08px_lg
 *fill*         0x20000381        0x3 
 .data.Font08px_lh
                0x20000384        0x5 src/ASF/common/components/display/ssd1306/font.o
                0x20000384                Font08px_lh
 *fill*         0x20000389        0x3 
 .data.Font08px_li
                0x2000038c        0x2 src/ASF/common/components/display/ssd1306/font.o
                0x2000038c                Font08px_li
 *fill*         0x2000038e        0x2 
 .data.Font08px_lj
                0x20000390        0x3 src/ASF/common/components/display/ssd1306/font.o
                0x20000390                Font08px_lj
 *fill*         0x20000393        0x1 
 .data.Font08px_lk
                0x20000394        0x5 src/ASF/common/components/display/ssd1306/font.o
                0x20000394                Font08px_lk
 *fill*         0x20000399        0x3 
 .data.Font08px_ll
                0x2000039c        0x2 src/ASF/common/components/display/ssd1306/font.o
                0x2000039c                Font08px_ll
 *fill*         0x2000039e        0x2 
 .data.Font08px_lm
                0x200003a0        0x6 src/ASF/common/components/display/ssd1306/font.o
                0x200003a0                Font08px_lm
 *fill*         0x200003a6        0x2 
 .data.Font08px_ln
                0x200003a8        0x5 src/ASF/common/components/display/ssd1306/font.o
                0x200003a8                Font08px_ln
 *fill*         0x200003ad        0x3 
 .data.Font08px_lo
                0x200003b0        0x5 src/ASF/common/components/display/ssd1306/font.o
                0x200003b0                Font08px_lo
 *fill*         0x200003b5        0x3 
 .data.Font08px_lp
                0x200003b8        0x5 src/ASF/common/components/display/ssd1306/font.o
                0x200003b8                Font08px_lp
 *fill*         0x200003bd        0x3 
 .data.Font08px_lq
                0x200003c0        0x5 src/ASF/common/components/display/ssd1306/font.o
                0x200003c0                Font08px_lq
 *fill*         0x200003c5        0x3 
 .data.Font08px_lr
                0x200003c8        0x4 src/ASF/common/components/display/ssd1306/font.o
                0x200003c8                Font08px_lr
 .data.Font08px_ls
                0x200003cc        0x5 src/ASF/common/components/display/ssd1306/font.o
                0x200003cc                Font08px_ls
 *fill*         0x200003d1        0x3 
 .data.Font08px_lt
                0x200003d4        0x4 src/ASF/common/components/display/ssd1306/font.o
                0x200003d4                Font08px_lt
 .data.Font08px_lu
                0x200003d8        0x5 src/ASF/common/components/display/ssd1306/font.o
                0x200003d8                Font08px_lu
 *fill*         0x200003dd        0x3 
 .data.Font08px_lv
                0x200003e0        0x6 src/ASF/common/components/display/ssd1306/font.o
                0x200003e0                Font08px_lv
 *fill*         0x200003e6        0x2 
 .data.Font08px_lw
                0x200003e8        0x6 src/ASF/common/components/display/ssd1306/font.o
                0x200003e8                Font08px_lw
 *fill*         0x200003ee        0x2 
 .data.Font08px_lx
                0x200003f0        0x6 src/ASF/common/components/display/ssd1306/font.o
                0x200003f0                Font08px_lx
 *fill*         0x200003f6        0x2 
 .data.Font08px_ly
                0x200003f8        0x5 src/ASF/common/components/display/ssd1306/font.o
                0x200003f8                Font08px_ly
 *fill*         0x200003fd        0x3 
 .data.Font08px_lz
                0x20000400        0x4 src/ASF/common/components/display/ssd1306/font.o
                0x20000400                Font08px_lz
 .data.Font08px_123
                0x20000404        0x4 src/ASF/common/components/display/ssd1306/font.o
                0x20000404                Font08px_123
 .data.Font08px_124
                0x20000408        0x2 src/ASF/common/components/display/ssd1306/font.o
                0x20000408                Font08px_124
 *fill*         0x2000040a        0x2 
 .data.Font08px_125
                0x2000040c        0x4 src/ASF/common/components/display/ssd1306/font.o
                0x2000040c                Font08px_125
 .data.Font08px_126
                0x20000410        0x6 src/ASF/common/components/display/ssd1306/font.o
                0x20000410                Font08px_126
 *fill*         0x20000416        0x2 
 .data.SystemCoreClock
                0x20000418        0x4 src/ASF/sam/utils/cmsis/sam4s/source/templates/system_sam4s.o
                0x20000418                SystemCoreClock
 *fill*         0x2000041c        0x4 
 .data.impure_data
                0x20000420      0x428 c:/program files (x86)/atmel/studio/7.0/toolchain/arm/arm-gnu-toolchain/bin/../lib/gcc/arm-none-eabi/5.3.1/../../../../arm-none-eabi/lib/armv7e-m\libc.a(lib_a-impure.o)
                0x20000848                . = ALIGN (0x4)
                0x20000848                _erelocate = .

.bss            0x20000848       0x9c load address 0x00403654
                0x20000848                . = ALIGN (0x4)
                0x20000848                _sbss = .
                0x20000848                _szero = .
 *(.bss .bss.*)
 .bss           0x20000848       0x1c c:/program files (x86)/atmel/studio/7.0/toolchain/arm/arm-gnu-toolchain/bin/../lib/gcc/arm-none-eabi/5.3.1/armv7e-m/crtbegin.o
 .bss.gs_interrupt_sources
                0x20000864       0x70 src/ASF/sam/drivers/pio/pio_handler.o
 .bss.pio_capture_handler
                0x200008d4        0x4 src/ASF/sam/drivers/pio/pio_handler.o
 *(COMMON)
 COMMON         0x200008d8        0x4 src/ASF/sam/drivers/pio/pio.o
                0x200008d8                pio_capture_enable_flag
 COMMON         0x200008dc        0x6 src/main.o
                0x200008dc                nunchuck_data
                0x200008e4                . = ALIGN (0x4)
 *fill*         0x200008e2        0x2 
                0x200008e4                _ebss = .
                0x200008e4                _ezero = .

.stack          0x200008e4     0x3004 load address 0x004036f0
                0x200008e8                . = ALIGN (0x8)
 *fill*         0x200008e4        0x4 
                0x200008e8                _sstack = .
                0x200038e8                . = (. + __stack_size__)
 *fill*         0x200008e8     0x3000 
                0x200038e8                . = ALIGN (0x8)
                0x200038e8                _estack = .
                0x200038e8                . = ALIGN (0x4)
                0x200038e8                _end = .
OUTPUT(SAM4S Xpro Bare Metal.elf elf32-littlearm)

.ARM.attributes
                0x00000000       0x2a
 .ARM.attributes
                0x00000000       0x1e c:/program files (x86)/atmel/studio/7.0/toolchain/arm/arm-gnu-toolchain/bin/../lib/gcc/arm-none-eabi/5.3.1/armv7e-m/crti.o
 .ARM.attributes
                0x0000001e       0x2e c:/program files (x86)/atmel/studio/7.0/toolchain/arm/arm-gnu-toolchain/bin/../lib/gcc/arm-none-eabi/5.3.1/armv7e-m/crtbegin.o
 .ARM.attributes
                0x0000004c       0x33 src/ASF/common/components/display/ssd1306/font.o
 .ARM.attributes
                0x0000007f       0x33 src/ASF/common/components/display/ssd1306/ssd1306.o
 .ARM.attributes
                0x000000b2       0x33 src/ASF/common/services/clock/sam4s/sysclk.o
 .ARM.attributes
                0x000000e5       0x33 src/ASF/common/services/delay/sam/cycle_counter.o
 .ARM.attributes
                0x00000118       0x33 src/ASF/common/services/spi/sam_spi/spi_master.o
 .ARM.attributes
                0x0000014b       0x33 src/ASF/sam/boards/sam4s_xplained_pro/init.o
 .ARM.attributes
                0x0000017e       0x33 src/ASF/sam/drivers/pio/pio.o
 .ARM.attributes
                0x000001b1       0x33 src/ASF/sam/drivers/pio/pio_handler.o
 .ARM.attributes
                0x000001e4       0x33 src/ASF/sam/drivers/pmc/pmc.o
 .ARM.attributes
                0x00000217       0x33 src/ASF/sam/drivers/spi/spi.o
 .ARM.attributes
                0x0000024a       0x33 src/ASF/sam/drivers/twi/twi.o
 .ARM.attributes
                0x0000027d       0x33 src/ASF/sam/drivers/wdt/wdt.o
 .ARM.attributes
                0x000002b0       0x33 src/ASF/sam/utils/cmsis/sam4s/source/templates/gcc/startup_sam4s.o
 .ARM.attributes
                0x000002e3       0x33 src/ASF/sam/utils/cmsis/sam4s/source/templates/system_sam4s.o
 .ARM.attributes
                0x00000316       0x33 src/main.o
 .ARM.attributes
                0x00000349       0x1e c:/program files (x86)/atmel/studio/7.0/toolchain/arm/arm-gnu-toolchain/bin/../lib/gcc/arm-none-eabi/5.3.1/armv7e-m\libgcc.a(_aeabi_uldivmod.o)
 .ARM.attributes
                0x00000367       0x2e c:/program files (x86)/atmel/studio/7.0/toolchain/arm/arm-gnu-toolchain/bin/../lib/gcc/arm-none-eabi/5.3.1/armv7e-m\libgcc.a(_udivmoddi4.o)
 .ARM.attributes
                0x00000395       0x1e c:/program files (x86)/atmel/studio/7.0/toolchain/arm/arm-gnu-toolchain/bin/../lib/gcc/arm-none-eabi/5.3.1/armv7e-m\libgcc.a(_dvmd_tls.o)
 .ARM.attributes
                0x000003b3       0x2e c:/program files (x86)/atmel/studio/7.0/toolchain/arm/arm-gnu-toolchain/bin/../lib/gcc/arm-none-eabi/5.3.1/../../../../arm-none-eabi/lib/armv7e-m\libc.a(lib_a-impure.o)
 .ARM.attributes
                0x000003e1       0x2e c:/program files (x86)/atmel/studio/7.0/toolchain/arm/arm-gnu-toolchain/bin/../lib/gcc/arm-none-eabi/5.3.1/../../../../arm-none-eabi/lib/armv7e-m\libc.a(lib_a-init.o)
 .ARM.attributes
                0x0000040f       0x2e c:/program files (x86)/atmel/studio/7.0/toolchain/arm/arm-gnu-toolchain/bin/../lib/gcc/arm-none-eabi/5.3.1/../../../../arm-none-eabi/lib/armv7e-m\libc.a(lib_a-__call_atexit.o)
 .ARM.attributes
                0x0000043d       0x2e c:/program files (x86)/atmel/studio/7.0/toolchain/arm/arm-gnu-toolchain/bin/../lib/gcc/arm-none-eabi/5.3.1/../../../../arm-none-eabi/lib/armv7e-m\libc.a(lib_a-atexit.o)
 .ARM.attributes
                0x0000046b       0x2e c:/program files (x86)/atmel/studio/7.0/toolchain/arm/arm-gnu-toolchain/bin/../lib/gcc/arm-none-eabi/5.3.1/../../../../arm-none-eabi/lib/armv7e-m\libc.a(lib_a-fini.o)
 .ARM.attributes
                0x00000499       0x2e c:/program files (x86)/atmel/studio/7.0/toolchain/arm/arm-gnu-toolchain/bin/../lib/gcc/arm-none-eabi/5.3.1/../../../../arm-none-eabi/lib/armv7e-m\libc.a(lib_a-__atexit.o)
 .ARM.attributes
                0x000004c7       0x1e c:/program files (x86)/atmel/studio/7.0/toolchain/arm/arm-gnu-toolchain/bin/../lib/gcc/arm-none-eabi/5.3.1/armv7e-m/crtn.o

.comment        0x00000000       0x59
 .comment       0x00000000       0x59 src/ASF/common/components/display/ssd1306/font.o
                                 0x5a (size before relaxing)
 .comment       0x00000059       0x5a src/ASF/common/components/display/ssd1306/ssd1306.o
 .comment       0x00000059       0x5a src/ASF/common/services/clock/sam4s/sysclk.o
 .comment       0x00000059       0x5a src/ASF/common/services/delay/sam/cycle_counter.o
 .comment       0x00000059       0x5a src/ASF/common/services/spi/sam_spi/spi_master.o
 .comment       0x00000059       0x5a src/ASF/sam/boards/sam4s_xplained_pro/init.o
 .comment       0x00000059       0x5a src/ASF/sam/drivers/pio/pio.o
 .comment       0x00000059       0x5a src/ASF/sam/drivers/pio/pio_handler.o
 .comment       0x00000059       0x5a src/ASF/sam/drivers/pmc/pmc.o
 .comment       0x00000059       0x5a src/ASF/sam/drivers/spi/spi.o
 .comment       0x00000059       0x5a src/ASF/sam/drivers/twi/twi.o
 .comment       0x00000059       0x5a src/ASF/sam/drivers/wdt/wdt.o
 .comment       0x00000059       0x5a src/ASF/sam/utils/cmsis/sam4s/source/templates/gcc/startup_sam4s.o
 .comment       0x00000059       0x5a src/ASF/sam/utils/cmsis/sam4s/source/templates/system_sam4s.o
 .comment       0x00000059       0x5a src/main.o

.debug_info     0x00000000     0x9aa7
 .debug_info    0x00000000      0x89d src/ASF/common/components/display/ssd1306/font.o
 .debug_info    0x0000089d      0xf39 src/ASF/common/components/display/ssd1306/ssd1306.o
 .debug_info    0x000017d6      0x6da src/ASF/common/services/clock/sam4s/sysclk.o
 .debug_info    0x00001eb0      0x136 src/ASF/common/services/delay/sam/cycle_counter.o
 .debug_info    0x00001fe6      0x9e4 src/ASF/common/services/spi/sam_spi/spi_master.o
 .debug_info    0x000029ca      0xbcd src/ASF/sam/boards/sam4s_xplained_pro/init.o
 .debug_info    0x00003597     0x1378 src/ASF/sam/drivers/pio/pio.o
 .debug_info    0x0000490f      0xe0d src/ASF/sam/drivers/pio/pio_handler.o
 .debug_info    0x0000571c     0x10cf src/ASF/sam/drivers/pmc/pmc.o
 .debug_info    0x000067eb      0x848 src/ASF/sam/drivers/spi/spi.o
 .debug_info    0x00007033      0xa07 src/ASF/sam/drivers/twi/twi.o
 .debug_info    0x00007a3a      0x2d2 src/ASF/sam/drivers/wdt/wdt.o
 .debug_info    0x00007d0c      0x696 src/ASF/sam/utils/cmsis/sam4s/source/templates/gcc/startup_sam4s.o
 .debug_info    0x000083a2      0x46d src/ASF/sam/utils/cmsis/sam4s/source/templates/system_sam4s.o
 .debug_info    0x0000880f     0x1298 src/main.o

.debug_abbrev   0x00000000     0x1b5d
 .debug_abbrev  0x00000000       0xab src/ASF/common/components/display/ssd1306/font.o
 .debug_abbrev  0x000000ab      0x2d8 src/ASF/common/components/display/ssd1306/ssd1306.o
 .debug_abbrev  0x00000383      0x1ce src/ASF/common/services/clock/sam4s/sysclk.o
 .debug_abbrev  0x00000551       0x9d src/ASF/common/services/delay/sam/cycle_counter.o
 .debug_abbrev  0x000005ee      0x24f src/ASF/common/services/spi/sam_spi/spi_master.o
 .debug_abbrev  0x0000083d      0x2c4 src/ASF/sam/boards/sam4s_xplained_pro/init.o
 .debug_abbrev  0x00000b01      0x1cf src/ASF/sam/drivers/pio/pio.o
 .debug_abbrev  0x00000cd0      0x234 src/ASF/sam/drivers/pio/pio_handler.o
 .debug_abbrev  0x00000f04      0x20d src/ASF/sam/drivers/pmc/pmc.o
 .debug_abbrev  0x00001111      0x201 src/ASF/sam/drivers/spi/spi.o
 .debug_abbrev  0x00001312      0x1fa src/ASF/sam/drivers/twi/twi.o
 .debug_abbrev  0x0000150c      0x101 src/ASF/sam/drivers/wdt/wdt.o
 .debug_abbrev  0x0000160d      0x15f src/ASF/sam/utils/cmsis/sam4s/source/templates/gcc/startup_sam4s.o
 .debug_abbrev  0x0000176c       0xf5 src/ASF/sam/utils/cmsis/sam4s/source/templates/system_sam4s.o
 .debug_abbrev  0x00001861      0x2fc src/main.o

.debug_aranges  0x00000000      0x970
 .debug_aranges
                0x00000000       0x18 src/ASF/common/components/display/ssd1306/font.o
 .debug_aranges
                0x00000018       0x90 src/ASF/common/components/display/ssd1306/ssd1306.o
 .debug_aranges
                0x000000a8       0x98 src/ASF/common/services/clock/sam4s/sysclk.o
 .debug_aranges
                0x00000140       0x20 src/ASF/common/services/delay/sam/cycle_counter.o
 .debug_aranges
                0x00000160       0xe0 src/ASF/common/services/spi/sam_spi/spi_master.o
 .debug_aranges
                0x00000240       0x48 src/ASF/sam/boards/sam4s_xplained_pro/init.o
 .debug_aranges
                0x00000288      0x1a8 src/ASF/sam/drivers/pio/pio.o
 .debug_aranges
                0x00000430       0x78 src/ASF/sam/drivers/pio/pio_handler.o
 .debug_aranges
                0x000004a8      0x208 src/ASF/sam/drivers/pmc/pmc.o
 .debug_aranges
                0x000006b0       0xa8 src/ASF/sam/drivers/spi/spi.o
 .debug_aranges
                0x00000758       0xc8 src/ASF/sam/drivers/twi/twi.o
 .debug_aranges
                0x00000820       0x48 src/ASF/sam/drivers/wdt/wdt.o
 .debug_aranges
                0x00000868       0x28 src/ASF/sam/utils/cmsis/sam4s/source/templates/gcc/startup_sam4s.o
 .debug_aranges
                0x00000890       0x30 src/ASF/sam/utils/cmsis/sam4s/source/templates/system_sam4s.o
 .debug_aranges
                0x000008c0       0xb0 src/main.o

.debug_macro    0x00000000    0x144f3
 .debug_macro   0x00000000      0x502 src/ASF/common/components/display/ssd1306/font.o
 .debug_macro   0x00000502      0x89e src/ASF/common/components/display/ssd1306/font.o
 .debug_macro   0x00000da0      0x16d src/ASF/common/components/display/ssd1306/font.o
 .debug_macro   0x00000f0d      0x644 src/ASF/common/components/display/ssd1306/font.o
 .debug_macro   0x00001551       0x76 src/ASF/common/components/display/ssd1306/font.o
 .debug_macro   0x000015c7       0x16 src/ASF/common/components/display/ssd1306/font.o
 .debug_macro   0x000015dd      0x6e4 src/ASF/common/components/display/ssd1306/font.o
 .debug_macro   0x00001cc1       0x22 src/ASF/common/components/display/ssd1306/font.o
 .debug_macro   0x00001ce3       0x87 src/ASF/common/components/display/ssd1306/font.o
 .debug_macro   0x00001d6a       0x44 src/ASF/common/components/display/ssd1306/font.o
 .debug_macro   0x00001dae       0xfd src/ASF/common/components/display/ssd1306/font.o
 .debug_macro   0x00001eab       0x22 src/ASF/common/components/display/ssd1306/font.o
 .debug_macro   0x00001ecd      0x1df src/ASF/common/components/display/ssd1306/font.o
 .debug_macro   0x000020ac       0x27 src/ASF/common/components/display/ssd1306/font.o
 .debug_macro   0x000020d3       0x3b src/ASF/common/components/display/ssd1306/font.o
 .debug_macro   0x0000210e       0x2d src/ASF/common/components/display/ssd1306/font.o
 .debug_macro   0x0000213b       0x26 src/ASF/common/components/display/ssd1306/font.o
 .debug_macro   0x00002161      0xbbf src/ASF/common/components/display/ssd1306/font.o
 .debug_macro   0x00002d20      0x16c src/ASF/common/components/display/ssd1306/font.o
 .debug_macro   0x00002e8c      0xc6e src/ASF/common/components/display/ssd1306/font.o
 .debug_macro   0x00003afa      0x1a8 src/ASF/common/components/display/ssd1306/font.o
 .debug_macro   0x00003ca2      0x12a src/ASF/common/components/display/ssd1306/font.o
 .debug_macro   0x00003dcc       0xb2 src/ASF/common/components/display/ssd1306/font.o
 .debug_macro   0x00003e7e      0x40e src/ASF/common/components/display/ssd1306/font.o
 .debug_macro   0x0000428c      0x112 src/ASF/common/components/display/ssd1306/font.o
 .debug_macro   0x0000439e       0x1c src/ASF/common/components/display/ssd1306/font.o
 .debug_macro   0x000043ba      0x785 src/ASF/common/components/display/ssd1306/font.o
 .debug_macro   0x00004b3f      0x311 src/ASF/common/components/display/ssd1306/font.o
 .debug_macro   0x00004e50       0xbe src/ASF/common/components/display/ssd1306/font.o
 .debug_macro   0x00004f0e     0x2810 src/ASF/common/components/display/ssd1306/font.o
 .debug_macro   0x0000771e      0x7a1 src/ASF/common/components/display/ssd1306/font.o
 .debug_macro   0x00007ebf      0xb51 src/ASF/common/components/display/ssd1306/font.o
 .debug_macro   0x00008a10       0xa6 src/ASF/common/components/display/ssd1306/font.o
 .debug_macro   0x00008ab6      0x3fb src/ASF/common/components/display/ssd1306/font.o
 .debug_macro   0x00008eb1       0x64 src/ASF/common/components/display/ssd1306/font.o
 .debug_macro   0x00008f15      0x1b6 src/ASF/common/components/display/ssd1306/font.o
 .debug_macro   0x000090cb      0x386 src/ASF/common/components/display/ssd1306/font.o
 .debug_macro   0x00009451      0x663 src/ASF/common/components/display/ssd1306/font.o
 .debug_macro   0x00009ab4      0x6a4 src/ASF/common/components/display/ssd1306/font.o
 .debug_macro   0x0000a158      0x615 src/ASF/common/components/display/ssd1306/font.o
 .debug_macro   0x0000a76d      0x346 src/ASF/common/components/display/ssd1306/font.o
 .debug_macro   0x0000aab3      0x28c src/ASF/common/components/display/ssd1306/font.o
 .debug_macro   0x0000ad3f      0x2cf src/ASF/common/components/display/ssd1306/font.o
 .debug_macro   0x0000b00e      0x6ec src/ASF/common/components/display/ssd1306/font.o
 .debug_macro   0x0000b6fa       0x7c src/ASF/common/components/display/ssd1306/font.o
 .debug_macro   0x0000b776       0xb8 src/ASF/common/components/display/ssd1306/font.o
 .debug_macro   0x0000b82e       0xb2 src/ASF/common/components/display/ssd1306/font.o
 .debug_macro   0x0000b8e0       0x88 src/ASF/common/components/display/ssd1306/font.o
 .debug_macro   0x0000b968      0x100 src/ASF/common/components/display/ssd1306/font.o
 .debug_macro   0x0000ba68      0x100 src/ASF/common/components/display/ssd1306/font.o
 .debug_macro   0x0000bb68       0x88 src/ASF/common/components/display/ssd1306/font.o
 .debug_macro   0x0000bbf0       0x88 src/ASF/common/components/display/ssd1306/font.o
 .debug_macro   0x0000bc78      0x2cd src/ASF/common/components/display/ssd1306/font.o
 .debug_macro   0x0000bf45       0xac src/ASF/common/components/display/ssd1306/font.o
 .debug_macro   0x0000bff1       0xac src/ASF/common/components/display/ssd1306/font.o
 .debug_macro   0x0000c09d       0x52 src/ASF/common/components/display/ssd1306/font.o
 .debug_macro   0x0000c0ef       0xac src/ASF/common/components/display/ssd1306/font.o
 .debug_macro   0x0000c19b       0x7c src/ASF/common/components/display/ssd1306/font.o
 .debug_macro   0x0000c217       0x40 src/ASF/common/components/display/ssd1306/font.o
 .debug_macro   0x0000c257       0x64 src/ASF/common/components/display/ssd1306/font.o
 .debug_macro   0x0000c2bb       0x46 src/ASF/common/components/display/ssd1306/font.o
 .debug_macro   0x0000c301       0x88 src/ASF/common/components/display/ssd1306/font.o
 .debug_macro   0x0000c389       0x4c src/ASF/common/components/display/ssd1306/font.o
 .debug_macro   0x0000c3d5       0xa6 src/ASF/common/components/display/ssd1306/font.o
 .debug_macro   0x0000c47b       0x7c src/ASF/common/components/display/ssd1306/font.o
 .debug_macro   0x0000c4f7       0x16 src/ASF/common/components/display/ssd1306/font.o
 .debug_macro   0x0000c50d       0x7c src/ASF/common/components/display/ssd1306/font.o
 .debug_macro   0x0000c589       0x22 src/ASF/common/components/display/ssd1306/font.o
 .debug_macro   0x0000c5ab       0x22 src/ASF/common/components/display/ssd1306/font.o
 .debug_macro   0x0000c5cd      0x186 src/ASF/common/components/display/ssd1306/font.o
 .debug_macro   0x0000c753      0x156 src/ASF/common/components/display/ssd1306/font.o
 .debug_macro   0x0000c8a9      0x156 src/ASF/common/components/display/ssd1306/font.o
 .debug_macro   0x0000c9ff       0x1c src/ASF/common/components/display/ssd1306/font.o
 .debug_macro   0x0000ca1b       0x2e src/ASF/common/components/display/ssd1306/font.o
 .debug_macro   0x0000ca49       0x22 src/ASF/common/components/display/ssd1306/font.o
 .debug_macro   0x0000ca6b       0x1c src/ASF/common/components/display/ssd1306/font.o
 .debug_macro   0x0000ca87       0x52 src/ASF/common/components/display/ssd1306/font.o
 .debug_macro   0x0000cad9       0x10 src/ASF/common/components/display/ssd1306/font.o
 .debug_macro   0x0000cae9      0x234 src/ASF/common/components/display/ssd1306/font.o
 .debug_macro   0x0000cd1d      0x93e src/ASF/common/components/display/ssd1306/font.o
 .debug_macro   0x0000d65b      0x12a src/ASF/common/components/display/ssd1306/font.o
 .debug_macro   0x0000d785       0x52 src/ASF/common/components/display/ssd1306/font.o
 .debug_macro   0x0000d7d7       0x35 src/ASF/common/components/display/ssd1306/font.o
 .debug_macro   0x0000d80c       0x9c src/ASF/common/components/display/ssd1306/font.o
 .debug_macro   0x0000d8a8       0x16 src/ASF/common/components/display/ssd1306/font.o
 .debug_macro   0x0000d8be       0x35 src/ASF/common/components/display/ssd1306/font.o
 .debug_macro   0x0000d8f3      0x330 src/ASF/common/components/display/ssd1306/font.o
 .debug_macro   0x0000dc23       0x10 src/ASF/common/components/display/ssd1306/font.o
 .debug_macro   0x0000dc33       0x52 src/ASF/common/components/display/ssd1306/font.o
 .debug_macro   0x0000dc85       0x16 src/ASF/common/components/display/ssd1306/font.o
 .debug_macro   0x0000dc9b       0x43 src/ASF/common/components/display/ssd1306/font.o
 .debug_macro   0x0000dcde      0x187 src/ASF/common/components/display/ssd1306/font.o
 .debug_macro   0x0000de65       0x22 src/ASF/common/components/display/ssd1306/font.o
 .debug_macro   0x0000de87       0x3a src/ASF/common/components/display/ssd1306/font.o
 .debug_macro   0x0000dec1       0x10 src/ASF/common/components/display/ssd1306/font.o
 .debug_macro   0x0000ded1       0x40 src/ASF/common/components/display/ssd1306/font.o
 .debug_macro   0x0000df11       0x6c src/ASF/common/components/display/ssd1306/font.o
 .debug_macro   0x0000df7d       0x16 src/ASF/common/components/display/ssd1306/font.o
 .debug_macro   0x0000df93      0x182 src/ASF/common/components/display/ssd1306/font.o
 .debug_macro   0x0000e115       0x22 src/ASF/common/components/display/ssd1306/font.o
 .debug_macro   0x0000e137       0x16 src/ASF/common/components/display/ssd1306/font.o
 .debug_macro   0x0000e14d       0x16 src/ASF/common/components/display/ssd1306/font.o
 .debug_macro   0x0000e163       0x29 src/ASF/common/components/display/ssd1306/font.o
 .debug_macro   0x0000e18c       0x75 src/ASF/common/components/display/ssd1306/font.o
 .debug_macro   0x0000e201       0x3f src/ASF/common/components/display/ssd1306/font.o
 .debug_macro   0x0000e240      0x3ca src/ASF/common/components/display/ssd1306/font.o
 .debug_macro   0x0000e60a       0x10 src/ASF/common/components/display/ssd1306/font.o
 .debug_macro   0x0000e61a      0x5f4 src/ASF/common/components/display/ssd1306/ssd1306.o
 .debug_macro   0x0000ec0e       0x46 src/ASF/common/components/display/ssd1306/ssd1306.o
 .debug_macro   0x0000ec54      0x2aa src/ASF/common/components/display/ssd1306/ssd1306.o
 .debug_macro   0x0000eefe       0x10 src/ASF/common/components/display/ssd1306/ssd1306.o
 .debug_macro   0x0000ef0e      0x8de src/ASF/common/components/display/ssd1306/ssd1306.o
 .debug_macro   0x0000f7ec       0x58 src/ASF/common/components/display/ssd1306/ssd1306.o
 .debug_macro   0x0000f844       0x64 src/ASF/common/components/display/ssd1306/ssd1306.o
 .debug_macro   0x0000f8a8       0x46 src/ASF/common/components/display/ssd1306/ssd1306.o
 .debug_macro   0x0000f8ee       0x90 src/ASF/common/components/display/ssd1306/ssd1306.o
 .debug_macro   0x0000f97e       0x88 src/ASF/common/components/display/ssd1306/ssd1306.o
 .debug_macro   0x0000fa06       0x28 src/ASF/common/components/display/ssd1306/ssd1306.o
 .debug_macro   0x0000fa2e       0x23 src/ASF/common/components/display/ssd1306/ssd1306.o
 .debug_macro   0x0000fa51       0x40 src/ASF/common/components/display/ssd1306/ssd1306.o
 .debug_macro   0x0000fa91       0xf1 src/ASF/common/components/display/ssd1306/ssd1306.o
 .debug_macro   0x0000fb82       0x16 src/ASF/common/components/display/ssd1306/ssd1306.o
 .debug_macro   0x0000fb98       0x28 src/ASF/common/components/display/ssd1306/ssd1306.o
 .debug_macro   0x0000fbc0       0x2e src/ASF/common/components/display/ssd1306/ssd1306.o
 .debug_macro   0x0000fbee       0x12 src/ASF/common/components/display/ssd1306/ssd1306.o
 .debug_macro   0x0000fc00      0x578 src/ASF/common/services/clock/sam4s/sysclk.o
 .debug_macro   0x00010178      0x2a4 src/ASF/common/services/clock/sam4s/sysclk.o
 .debug_macro   0x0001041c      0x508 src/ASF/common/services/delay/sam/cycle_counter.o
 .debug_macro   0x00010924       0x22 src/ASF/common/services/delay/sam/cycle_counter.o
 .debug_macro   0x00010946      0x5b5 src/ASF/common/services/spi/sam_spi/spi_master.o
 .debug_macro   0x00010efb      0x5bd src/ASF/sam/boards/sam4s_xplained_pro/init.o
 .debug_macro   0x000114b8       0x94 src/ASF/sam/boards/sam4s_xplained_pro/init.o
 .debug_macro   0x0001154c       0x40 src/ASF/sam/boards/sam4s_xplained_pro/init.o
 .debug_macro   0x0001158c       0x82 src/ASF/sam/boards/sam4s_xplained_pro/init.o
 .debug_macro   0x0001160e       0x10 src/ASF/sam/boards/sam4s_xplained_pro/init.o
 .debug_macro   0x0001161e      0x50e src/ASF/sam/drivers/pio/pio.o
 .debug_macro   0x00011b2c       0x8e src/ASF/sam/drivers/pio/pio.o
 .debug_macro   0x00011bba      0x518 src/ASF/sam/drivers/pio/pio_handler.o
 .debug_macro   0x000120d2      0x50e src/ASF/sam/drivers/pmc/pmc.o
 .debug_macro   0x000125e0       0x52 src/ASF/sam/drivers/pmc/pmc.o
 .debug_macro   0x00012632      0x581 src/ASF/sam/drivers/spi/spi.o
 .debug_macro   0x00012bb3       0x10 src/ASF/sam/drivers/spi/spi.o
 .debug_macro   0x00012bc3      0x52c src/ASF/sam/drivers/twi/twi.o
 .debug_macro   0x000130ef       0x46 src/ASF/sam/drivers/twi/twi.o
 .debug_macro   0x00013135      0x51b src/ASF/sam/drivers/wdt/wdt.o
 .debug_macro   0x00013650      0x325 src/ASF/sam/utils/cmsis/sam4s/source/templates/gcc/startup_sam4s.o
 .debug_macro   0x00013975      0x32d src/ASF/sam/utils/cmsis/sam4s/source/templates/system_sam4s.o
 .debug_macro   0x00013ca2      0x6ae src/main.o
 .debug_macro   0x00014350       0x1c src/main.o
 .debug_macro   0x0001436c       0xff src/main.o
 .debug_macro   0x0001446b       0x4c src/main.o
 .debug_macro   0x000144b7       0x10 src/main.o
 .debug_macro   0x000144c7       0x16 src/main.o
 .debug_macro   0x000144dd       0x16 src/main.o

.debug_line     0x00000000     0xaa17
 .debug_line    0x00000000      0x905 src/ASF/common/components/display/ssd1306/font.o
 .debug_line    0x00000905      0xdb6 src/ASF/common/components/display/ssd1306/ssd1306.o
 .debug_line    0x000016bb      0xba6 src/ASF/common/services/clock/sam4s/sysclk.o
 .debug_line    0x00002261      0x920 src/ASF/common/services/delay/sam/cycle_counter.o
 .debug_line    0x00002b81      0xcfc src/ASF/common/services/spi/sam_spi/spi_master.o
 .debug_line    0x0000387d      0xc28 src/ASF/sam/boards/sam4s_xplained_pro/init.o
 .debug_line    0x000044a5      0xd39 src/ASF/sam/drivers/pio/pio.o
 .debug_line    0x000051de      0xa1d src/ASF/sam/drivers/pio/pio_handler.o
 .debug_line    0x00005bfb      0xf16 src/ASF/sam/drivers/pmc/pmc.o
 .debug_line    0x00006b11      0xbd4 src/ASF/sam/drivers/spi/spi.o
 .debug_line    0x000076e5      0xb43 src/ASF/sam/drivers/twi/twi.o
 .debug_line    0x00008228      0x96b src/ASF/sam/drivers/wdt/wdt.o
 .debug_line    0x00008b93      0x736 src/ASF/sam/utils/cmsis/sam4s/source/templates/gcc/startup_sam4s.o
 .debug_line    0x000092c9      0x77c src/ASF/sam/utils/cmsis/sam4s/source/templates/system_sam4s.o
 .debug_line    0x00009a45      0xfd2 src/main.o

.debug_str      0x00000000    0x555b1
 .debug_str     0x00000000    0x4d1bf src/ASF/common/components/display/ssd1306/font.o
                              0x4d505 (size before relaxing)
 .debug_str     0x0004d1bf     0x5404 src/ASF/common/components/display/ssd1306/ssd1306.o
                              0x524f7 (size before relaxing)
 .debug_str     0x000525c3      0x23b src/ASF/common/services/clock/sam4s/sysclk.o
                              0x51313 (size before relaxing)
 .debug_str     0x000527fe       0x35 src/ASF/common/services/delay/sam/cycle_counter.o
                              0x4d179 (size before relaxing)
 .debug_str     0x00052833      0x3e8 src/ASF/common/services/spi/sam_spi/spi_master.o
                              0x51798 (size before relaxing)
 .debug_str     0x00052c1b      0x78d src/ASF/sam/boards/sam4s_xplained_pro/init.o
                              0x51db4 (size before relaxing)
 .debug_str     0x000533a8      0x5d2 src/ASF/sam/drivers/pio/pio.o
                              0x4dc19 (size before relaxing)
 .debug_str     0x0005397a      0x41a src/ASF/sam/drivers/pio/pio_handler.o
                              0x4daa3 (size before relaxing)
 .debug_str     0x00053d94      0x6df src/ASF/sam/drivers/pmc/pmc.o
                              0x4da68 (size before relaxing)
 .debug_str     0x00054473      0x2d9 src/ASF/sam/drivers/spi/spi.o
                              0x51478 (size before relaxing)
 .debug_str     0x0005474c      0x490 src/ASF/sam/drivers/twi/twi.o
                              0x4d51c (size before relaxing)
 .debug_str     0x00054bdc       0xe9 src/ASF/sam/drivers/wdt/wdt.o
                              0x4d100 (size before relaxing)
 .debug_str     0x00054cc5      0x40e src/ASF/sam/utils/cmsis/sam4s/source/templates/gcc/startup_sam4s.o
                              0x3df4a (size before relaxing)
 .debug_str     0x000550d3       0xf1 src/ASF/sam/utils/cmsis/sam4s/source/templates/system_sam4s.o
                              0x3dd13 (size before relaxing)
 .debug_str     0x000551c4      0x3ed src/main.o
                              0x53095 (size before relaxing)

.debug_loc      0x00000000     0x535c
 .debug_loc     0x00000000      0x426 src/ASF/common/components/display/ssd1306/ssd1306.o
 .debug_loc     0x00000426      0x4a0 src/ASF/common/services/clock/sam4s/sysclk.o
 .debug_loc     0x000008c6       0x5c src/ASF/common/services/delay/sam/cycle_counter.o
 .debug_loc     0x00000922      0x830 src/ASF/common/services/spi/sam_spi/spi_master.o
 .debug_loc     0x00001152      0x1bc src/ASF/sam/boards/sam4s_xplained_pro/init.o
 .debug_loc     0x0000130e     0x1174 src/ASF/sam/drivers/pio/pio.o
 .debug_loc     0x00002482      0x390 src/ASF/sam/drivers/pio/pio_handler.o
 .debug_loc     0x00002812     0x1450 src/ASF/sam/drivers/pmc/pmc.o
 .debug_loc     0x00003c62      0x630 src/ASF/sam/drivers/spi/spi.o
 .debug_loc     0x00004292      0x7ac src/ASF/sam/drivers/twi/twi.o
 .debug_loc     0x00004a3e      0x228 src/ASF/sam/drivers/wdt/wdt.o
 .debug_loc     0x00004c66       0x64 src/ASF/sam/utils/cmsis/sam4s/source/templates/gcc/startup_sam4s.o
 .debug_loc     0x00004cca       0xe4 src/ASF/sam/utils/cmsis/sam4s/source/templates/system_sam4s.o
 .debug_loc     0x00004dae      0x5ae src/main.o

.debug_ranges   0x00000000      0x8c0
 .debug_ranges  0x00000000       0x80 src/ASF/common/components/display/ssd1306/ssd1306.o
 .debug_ranges  0x00000080       0x88 src/ASF/common/services/clock/sam4s/sysclk.o
 .debug_ranges  0x00000108       0x10 src/ASF/common/services/delay/sam/cycle_counter.o
 .debug_ranges  0x00000118       0xd0 src/ASF/common/services/spi/sam_spi/spi_master.o
 .debug_ranges  0x000001e8       0x80 src/ASF/sam/boards/sam4s_xplained_pro/init.o
 .debug_ranges  0x00000268      0x198 src/ASF/sam/drivers/pio/pio.o
 .debug_ranges  0x00000400       0x68 src/ASF/sam/drivers/pio/pio_handler.o
 .debug_ranges  0x00000468      0x1f8 src/ASF/sam/drivers/pmc/pmc.o
 .debug_ranges  0x00000660       0x98 src/ASF/sam/drivers/spi/spi.o
 .debug_ranges  0x000006f8       0xb8 src/ASF/sam/drivers/twi/twi.o
 .debug_ranges  0x000007b0       0x38 src/ASF/sam/drivers/wdt/wdt.o
 .debug_ranges  0x000007e8       0x18 src/ASF/sam/utils/cmsis/sam4s/source/templates/gcc/startup_sam4s.o
 .debug_ranges  0x00000800       0x20 src/ASF/sam/utils/cmsis/sam4s/source/templates/system_sam4s.o
 .debug_ranges  0x00000820       0xa0 src/main.o

.debug_frame    0x00000000     0x2800
 .debug_frame   0x00000000      0x230 src/ASF/common/components/display/ssd1306/ssd1306.o
 .debug_frame   0x00000230      0x244 src/ASF/common/services/clock/sam4s/sysclk.o
 .debug_frame   0x00000474       0x38 src/ASF/common/services/delay/sam/cycle_counter.o
 .debug_frame   0x000004ac      0x3c0 src/ASF/common/services/spi/sam_spi/spi_master.o
 .debug_frame   0x0000086c       0xe4 src/ASF/sam/boards/sam4s_xplained_pro/init.o
 .debug_frame   0x00000950      0x7c0 src/ASF/sam/drivers/pio/pio.o
 .debug_frame   0x00001110      0x1c0 src/ASF/sam/drivers/pio/pio_handler.o
 .debug_frame   0x000012d0      0x918 src/ASF/sam/drivers/pmc/pmc.o
 .debug_frame   0x00001be8      0x2c8 src/ASF/sam/drivers/spi/spi.o
 .debug_frame   0x00001eb0      0x36c src/ASF/sam/drivers/twi/twi.o
 .debug_frame   0x0000221c      0x100 src/ASF/sam/drivers/wdt/wdt.o
 .debug_frame   0x0000231c       0x48 src/ASF/sam/utils/cmsis/sam4s/source/templates/gcc/startup_sam4s.o
 .debug_frame   0x00002364       0x78 src/ASF/sam/utils/cmsis/sam4s/source/templates/system_sam4s.o
 .debug_frame   0x000023dc      0x2c0 src/main.o
 .debug_frame   0x0000269c       0x2c c:/program files (x86)/atmel/studio/7.0/toolchain/arm/arm-gnu-toolchain/bin/../lib/gcc/arm-none-eabi/5.3.1/armv7e-m\libgcc.a(_aeabi_uldivmod.o)
 .debug_frame   0x000026c8       0x34 c:/program files (x86)/atmel/studio/7.0/toolchain/arm/arm-gnu-toolchain/bin/../lib/gcc/arm-none-eabi/5.3.1/armv7e-m\libgcc.a(_udivmoddi4.o)
 .debug_frame   0x000026fc       0x2c c:/program files (x86)/atmel/studio/7.0/toolchain/arm/arm-gnu-toolchain/bin/../lib/gcc/arm-none-eabi/5.3.1/../../../../arm-none-eabi/lib/armv7e-m\libc.a(lib_a-init.o)
 .debug_frame   0x00002728       0x50 c:/program files (x86)/atmel/studio/7.0/toolchain/arm/arm-gnu-toolchain/bin/../lib/gcc/arm-none-eabi/5.3.1/../../../../arm-none-eabi/lib/armv7e-m\libc.a(lib_a-__call_atexit.o)
 .debug_frame   0x00002778       0x20 c:/program files (x86)/atmel/studio/7.0/toolchain/arm/arm-gnu-toolchain/bin/../lib/gcc/arm-none-eabi/5.3.1/../../../../arm-none-eabi/lib/armv7e-m\libc.a(lib_a-atexit.o)
 .debug_frame   0x00002798       0x34 c:/program files (x86)/atmel/studio/7.0/toolchain/arm/arm-gnu-toolchain/bin/../lib/gcc/arm-none-eabi/5.3.1/../../../../arm-none-eabi/lib/armv7e-m\libc.a(lib_a-fini.o)
 .debug_frame   0x000027cc       0x34 c:/program files (x86)/atmel/studio/7.0/toolchain/arm/arm-gnu-toolchain/bin/../lib/gcc/arm-none-eabi/5.3.1/../../../../arm-none-eabi/lib/armv7e-m\libc.a(lib_a-__atexit.o)

Cross Reference Table

Symbol                                            File
ACC_Handler                                       src/ASF/sam/utils/cmsis/sam4s/source/templates/gcc/startup_sam4s.o
ADC_Handler                                       src/ASF/sam/utils/cmsis/sam4s/source/templates/gcc/startup_sam4s.o
BusFault_Handler                                  src/ASF/sam/utils/cmsis/sam4s/source/templates/gcc/startup_sam4s.o
CRCCU_Handler                                     src/ASF/sam/utils/cmsis/sam4s/source/templates/gcc/startup_sam4s.o
DACC_Handler                                      src/ASF/sam/utils/cmsis/sam4s/source/templates/gcc/startup_sam4s.o
DebugMon_Handler                                  src/ASF/sam/utils/cmsis/sam4s/source/templates/gcc/startup_sam4s.o
Dummy_Handler                                     src/ASF/sam/utils/cmsis/sam4s/source/templates/gcc/startup_sam4s.o
EFC0_Handler                                      src/ASF/sam/utils/cmsis/sam4s/source/templates/gcc/startup_sam4s.o
EFC1_Handler                                      src/ASF/sam/utils/cmsis/sam4s/source/templates/gcc/startup_sam4s.o
Font08px_123                                      src/ASF/common/components/display/ssd1306/font.o
Font08px_124                                      src/ASF/common/components/display/ssd1306/font.o
Font08px_125                                      src/ASF/common/components/display/ssd1306/font.o
Font08px_126                                      src/ASF/common/components/display/ssd1306/font.o
Font08px_32                                       src/ASF/common/components/display/ssd1306/font.o
Font08px_33                                       src/ASF/common/components/display/ssd1306/font.o
Font08px_34                                       src/ASF/common/components/display/ssd1306/font.o
Font08px_35                                       src/ASF/common/components/display/ssd1306/font.o
Font08px_36                                       src/ASF/common/components/display/ssd1306/font.o
Font08px_37                                       src/ASF/common/components/display/ssd1306/font.o
Font08px_38                                       src/ASF/common/components/display/ssd1306/font.o
Font08px_39                                       src/ASF/common/components/display/ssd1306/font.o
Font08px_40                                       src/ASF/common/components/display/ssd1306/font.o
Font08px_41                                       src/ASF/common/components/display/ssd1306/font.o
Font08px_42                                       src/ASF/common/components/display/ssd1306/font.o
Font08px_43                                       src/ASF/common/components/display/ssd1306/font.o
Font08px_44                                       src/ASF/common/components/display/ssd1306/font.o
Font08px_45                                       src/ASF/common/components/display/ssd1306/font.o
Font08px_46                                       src/ASF/common/components/display/ssd1306/font.o
Font08px_47                                       src/ASF/common/components/display/ssd1306/font.o
Font08px_58                                       src/ASF/common/components/display/ssd1306/font.o
Font08px_59                                       src/ASF/common/components/display/ssd1306/font.o
Font08px_60                                       src/ASF/common/components/display/ssd1306/font.o
Font08px_61                                       src/ASF/common/components/display/ssd1306/font.o
Font08px_62                                       src/ASF/common/components/display/ssd1306/font.o
Font08px_63                                       src/ASF/common/components/display/ssd1306/font.o
Font08px_64                                       src/ASF/common/components/display/ssd1306/font.o
Font08px_91                                       src/ASF/common/components/display/ssd1306/font.o
Font08px_92                                       src/ASF/common/components/display/ssd1306/font.o
Font08px_93                                       src/ASF/common/components/display/ssd1306/font.o
Font08px_94                                       src/ASF/common/components/display/ssd1306/font.o
Font08px_95                                       src/ASF/common/components/display/ssd1306/font.o
Font08px_96                                       src/ASF/common/components/display/ssd1306/font.o
Font08px_N0                                       src/ASF/common/components/display/ssd1306/font.o
Font08px_N1                                       src/ASF/common/components/display/ssd1306/font.o
Font08px_N2                                       src/ASF/common/components/display/ssd1306/font.o
Font08px_N3                                       src/ASF/common/components/display/ssd1306/font.o
Font08px_N4                                       src/ASF/common/components/display/ssd1306/font.o
Font08px_N5                                       src/ASF/common/components/display/ssd1306/font.o
Font08px_N6                                       src/ASF/common/components/display/ssd1306/font.o
Font08px_N7                                       src/ASF/common/components/display/ssd1306/font.o
Font08px_N8                                       src/ASF/common/components/display/ssd1306/font.o
Font08px_N9                                       src/ASF/common/components/display/ssd1306/font.o
Font08px_UA                                       src/ASF/common/components/display/ssd1306/font.o
Font08px_UB                                       src/ASF/common/components/display/ssd1306/font.o
Font08px_UC                                       src/ASF/common/components/display/ssd1306/font.o
Font08px_UD                                       src/ASF/common/components/display/ssd1306/font.o
Font08px_UE                                       src/ASF/common/components/display/ssd1306/font.o
Font08px_UF                                       src/ASF/common/components/display/ssd1306/font.o
Font08px_UG                                       src/ASF/common/components/display/ssd1306/font.o
Font08px_UH                                       src/ASF/common/components/display/ssd1306/font.o
Font08px_UI                                       src/ASF/common/components/display/ssd1306/font.o
Font08px_UJ                                       src/ASF/common/components/display/ssd1306/font.o
Font08px_UK                                       src/ASF/common/components/display/ssd1306/font.o
Font08px_UL                                       src/ASF/common/components/display/ssd1306/font.o
Font08px_UM                                       src/ASF/common/components/display/ssd1306/font.o
Font08px_UN                                       src/ASF/common/components/display/ssd1306/font.o
Font08px_UO                                       src/ASF/common/components/display/ssd1306/font.o
Font08px_UP                                       src/ASF/common/components/display/ssd1306/font.o
Font08px_UQ                                       src/ASF/common/components/display/ssd1306/font.o
Font08px_UR                                       src/ASF/common/components/display/ssd1306/font.o
Font08px_US                                       src/ASF/common/components/display/ssd1306/font.o
Font08px_UT                                       src/ASF/common/components/display/ssd1306/font.o
Font08px_UU                                       src/ASF/common/components/display/ssd1306/font.o
Font08px_UV                                       src/ASF/common/components/display/ssd1306/font.o
Font08px_UW                                       src/ASF/common/components/display/ssd1306/font.o
Font08px_UX                                       src/ASF/common/components/display/ssd1306/font.o
Font08px_UY                                       src/ASF/common/components/display/ssd1306/font.o
Font08px_UZ                                       src/ASF/common/components/display/ssd1306/font.o
Font08px_la                                       src/ASF/common/components/display/ssd1306/font.o
Font08px_lb                                       src/ASF/common/components/display/ssd1306/font.o
Font08px_lc                                       src/ASF/common/components/display/ssd1306/font.o
Font08px_ld                                       src/ASF/common/components/display/ssd1306/font.o
Font08px_le                                       src/ASF/common/components/display/ssd1306/font.o
Font08px_lf                                       src/ASF/common/components/display/ssd1306/font.o
Font08px_lg                                       src/ASF/common/components/display/ssd1306/font.o
Font08px_lh                                       src/ASF/common/components/display/ssd1306/font.o
Font08px_li                                       src/ASF/common/components/display/ssd1306/font.o
Font08px_lj                                       src/ASF/common/components/display/ssd1306/font.o
Font08px_lk                                       src/ASF/common/components/display/ssd1306/font.o
Font08px_ll                                       src/ASF/common/components/display/ssd1306/font.o
Font08px_lm                                       src/ASF/common/components/display/ssd1306/font.o
Font08px_ln                                       src/ASF/common/components/display/ssd1306/font.o
Font08px_lo                                       src/ASF/common/components/display/ssd1306/font.o
Font08px_lp                                       src/ASF/common/components/display/ssd1306/font.o
Font08px_lq                                       src/ASF/common/components/display/ssd1306/font.o
Font08px_lr                                       src/ASF/common/components/display/ssd1306/font.o
Font08px_ls                                       src/ASF/common/components/display/ssd1306/font.o
Font08px_lt                                       src/ASF/common/components/display/ssd1306/font.o
Font08px_lu                                       src/ASF/common/components/display/ssd1306/font.o
Font08px_lv                                       src/ASF/common/components/display/ssd1306/font.o
Font08px_lw                                       src/ASF/common/components/display/ssd1306/font.o
Font08px_lx                                       src/ASF/common/components/display/ssd1306/font.o
Font08px_ly                                       src/ASF/common/components/display/ssd1306/font.o
Font08px_lz                                       src/ASF/common/components/display/ssd1306/font.o
HSMCI_Handler                                     src/ASF/sam/utils/cmsis/sam4s/source/templates/gcc/startup_sam4s.o
HardFault_Handler                                 src/ASF/sam/utils/cmsis/sam4s/source/templates/gcc/startup_sam4s.o
MemManage_Handler                                 src/ASF/sam/utils/cmsis/sam4s/source/templates/gcc/startup_sam4s.o
NMI_Handler                                       src/ASF/sam/utils/cmsis/sam4s/source/templates/gcc/startup_sam4s.o
PIOA_Handler                                      src/ASF/sam/drivers/pio/pio_handler.o
PIOB_Handler                                      src/ASF/sam/drivers/pio/pio_handler.o
PIOC_Handler                                      src/ASF/sam/drivers/pio/pio_handler.o
PMC_Handler                                       src/ASF/sam/utils/cmsis/sam4s/source/templates/gcc/startup_sam4s.o
PWM_Handler                                       src/ASF/sam/utils/cmsis/sam4s/source/templates/gcc/startup_sam4s.o
PendSV_Handler                                    src/ASF/sam/utils/cmsis/sam4s/source/templates/gcc/startup_sam4s.o
RSTC_Handler                                      src/ASF/sam/utils/cmsis/sam4s/source/templates/gcc/startup_sam4s.o
RTC_Handler                                       src/ASF/sam/utils/cmsis/sam4s/source/templates/gcc/startup_sam4s.o
RTT_Handler                                       src/ASF/sam/utils/cmsis/sam4s/source/templates/gcc/startup_sam4s.o
Reset_Handler                                     src/ASF/sam/utils/cmsis/sam4s/source/templates/gcc/startup_sam4s.o
SPI_Handler                                       src/ASF/sam/utils/cmsis/sam4s/source/templates/gcc/startup_sam4s.o
SSC_Handler                                       src/ASF/sam/utils/cmsis/sam4s/source/templates/gcc/startup_sam4s.o
SUPC_Handler                                      src/ASF/sam/utils/cmsis/sam4s/source/templates/gcc/startup_sam4s.o
SVC_Handler                                       src/ASF/sam/utils/cmsis/sam4s/source/templates/gcc/startup_sam4s.o
SysTick_Handler                                   src/ASF/sam/utils/cmsis/sam4s/source/templates/gcc/startup_sam4s.o
SystemCoreClock                                   src/ASF/sam/utils/cmsis/sam4s/source/templates/system_sam4s.o
SystemCoreClockUpdate                             src/ASF/sam/utils/cmsis/sam4s/source/templates/system_sam4s.o
                                                  src/ASF/common/services/clock/sam4s/sysclk.o
SystemInit                                        src/ASF/sam/utils/cmsis/sam4s/source/templates/system_sam4s.o
TC0_Handler                                       src/ASF/sam/utils/cmsis/sam4s/source/templates/gcc/startup_sam4s.o
TC1_Handler                                       src/ASF/sam/utils/cmsis/sam4s/source/templates/gcc/startup_sam4s.o
TC2_Handler                                       src/ASF/sam/utils/cmsis/sam4s/source/templates/gcc/startup_sam4s.o
TC3_Handler                                       src/ASF/sam/utils/cmsis/sam4s/source/templates/gcc/startup_sam4s.o
TC4_Handler                                       src/ASF/sam/utils/cmsis/sam4s/source/templates/gcc/startup_sam4s.o
TC5_Handler                                       src/ASF/sam/utils/cmsis/sam4s/source/templates/gcc/startup_sam4s.o
TWI0_Handler                                      src/ASF/sam/utils/cmsis/sam4s/source/templates/gcc/startup_sam4s.o
TWI1_Handler                                      src/ASF/sam/utils/cmsis/sam4s/source/templates/gcc/startup_sam4s.o
UART0_Handler                                     src/ASF/sam/utils/cmsis/sam4s/source/templates/gcc/startup_sam4s.o
UART1_Handler                                     src/ASF/sam/utils/cmsis/sam4s/source/templates/gcc/startup_sam4s.o
UDP_Handler                                       src/ASF/sam/utils/cmsis/sam4s/source/templates/gcc/startup_sam4s.o
USART0_Handler                                    src/ASF/sam/utils/cmsis/sam4s/source/templates/gcc/startup_sam4s.o
USART1_Handler                                    src/ASF/sam/utils/cmsis/sam4s/source/templates/gcc/startup_sam4s.o
UsageFault_Handler                                src/ASF/sam/utils/cmsis/sam4s/source/templates/gcc/startup_sam4s.o
WDT_Handler                                       src/ASF/sam/utils/cmsis/sam4s/source/templates/gcc/startup_sam4s.o
_Jv_RegisterClasses                               c:/program files (x86)/atmel/studio/7.0/toolchain/arm/arm-gnu-toolchain/bin/../lib/gcc/arm-none-eabi/5.3.1/armv7e-m/crtbegin.o
_PathLocale                                       c:/program files (x86)/atmel/studio/7.0/toolchain/arm/arm-gnu-toolchain/bin/../lib/gcc/arm-none-eabi/5.3.1/../../../../arm-none-eabi/lib/armv7e-m\libc.a(lib_a-locale.o)
__aeabi_idiv0                                     c:/program files (x86)/atmel/studio/7.0/toolchain/arm/arm-gnu-toolchain/bin/../lib/gcc/arm-none-eabi/5.3.1/armv7e-m\libgcc.a(_dvmd_tls.o)
__aeabi_ldiv0                                     c:/program files (x86)/atmel/studio/7.0/toolchain/arm/arm-gnu-toolchain/bin/../lib/gcc/arm-none-eabi/5.3.1/armv7e-m\libgcc.a(_dvmd_tls.o)
                                                  c:/program files (x86)/atmel/studio/7.0/toolchain/arm/arm-gnu-toolchain/bin/../lib/gcc/arm-none-eabi/5.3.1/armv7e-m\libgcc.a(_aeabi_uldivmod.o)
__aeabi_uldivmod                                  c:/program files (x86)/atmel/studio/7.0/toolchain/arm/arm-gnu-toolchain/bin/../lib/gcc/arm-none-eabi/5.3.1/armv7e-m\libgcc.a(_aeabi_uldivmod.o)
                                                  c:/program files (x86)/atmel/studio/7.0/toolchain/arm/arm-gnu-toolchain/bin/../lib/gcc/arm-none-eabi/5.3.1/../../../../arm-none-eabi/lib/armv7e-m\libc.a(lib_a-vfiprintf.o)
                                                  src/main.o